Archive member included to satisfy reference by file (symbol)

c:/program files (x86)/atmel/studio/7.0/toolchain/arm/arm-gnu-toolchain/bin/../lib/gcc/arm-none-eabi/6.3.1/thumb/v6-m\libgcc.a(_thumb1_case_sqi.o)
                              main.o (__gnu_thumb1_case_sqi)
c:/program files (x86)/atmel/studio/7.0/toolchain/arm/arm-gnu-toolchain/bin/../lib/gcc/arm-none-eabi/6.3.1/thumb/v6-m\libgcc.a(_thumb1_case_uqi.o)
                              mcp23008_driver/mcp23008_driver_interface.o (__gnu_thumb1_case_uqi)
c:/program files (x86)/atmel/studio/7.0/toolchain/arm/arm-gnu-toolchain/bin/../lib/gcc/arm-none-eabi/6.3.1/thumb/v6-m\libgcc.a(_udivsi3.o)
                              hpl/core/hpl_core_m0plus_base.o (__aeabi_uidiv)
c:/program files (x86)/atmel/studio/7.0/toolchain/arm/arm-gnu-toolchain/bin/../lib/gcc/arm-none-eabi/6.3.1/thumb/v6-m\libgcc.a(_dvmd_tls.o)
                              c:/program files (x86)/atmel/studio/7.0/toolchain/arm/arm-gnu-toolchain/bin/../lib/gcc/arm-none-eabi/6.3.1/thumb/v6-m\libgcc.a(_udivsi3.o) (__aeabi_idiv0)
c:/program files (x86)/atmel/studio/7.0/toolchain/arm/arm-gnu-toolchain/bin/../lib/gcc/arm-none-eabi/6.3.1/thumb/v6-m\libgcc.a(_aeabi_uldivmod.o)
                              hpl/sercom/hpl_sercom.o (__aeabi_uldivmod)
c:/program files (x86)/atmel/studio/7.0/toolchain/arm/arm-gnu-toolchain/bin/../lib/gcc/arm-none-eabi/6.3.1/thumb/v6-m\libgcc.a(_muldi3.o)
                              hpl/sercom/hpl_sercom.o (__aeabi_lmul)
c:/program files (x86)/atmel/studio/7.0/toolchain/arm/arm-gnu-toolchain/bin/../lib/gcc/arm-none-eabi/6.3.1/thumb/v6-m\libgcc.a(_ffssi2.o)
                              hpl/eic/hpl_eic.o (__ffssi2)
c:/program files (x86)/atmel/studio/7.0/toolchain/arm/arm-gnu-toolchain/bin/../lib/gcc/arm-none-eabi/6.3.1/thumb/v6-m\libgcc.a(_fixunssfsi.o)
                              main.o (__aeabi_f2uiz)
c:/program files (x86)/atmel/studio/7.0/toolchain/arm/arm-gnu-toolchain/bin/../lib/gcc/arm-none-eabi/6.3.1/thumb/v6-m\libgcc.a(_fixunsdfsi.o)
                              hpl/sercom/hpl_sercom.o (__aeabi_d2uiz)
c:/program files (x86)/atmel/studio/7.0/toolchain/arm/arm-gnu-toolchain/bin/../lib/gcc/arm-none-eabi/6.3.1/thumb/v6-m\libgcc.a(_udivmoddi4.o)
                              c:/program files (x86)/atmel/studio/7.0/toolchain/arm/arm-gnu-toolchain/bin/../lib/gcc/arm-none-eabi/6.3.1/thumb/v6-m\libgcc.a(_aeabi_uldivmod.o) (__udivmoddi4)
c:/program files (x86)/atmel/studio/7.0/toolchain/arm/arm-gnu-toolchain/bin/../lib/gcc/arm-none-eabi/6.3.1/thumb/v6-m\libgcc.a(mulsf3.o)
                              main.o (__aeabi_fmul)
c:/program files (x86)/atmel/studio/7.0/toolchain/arm/arm-gnu-toolchain/bin/../lib/gcc/arm-none-eabi/6.3.1/thumb/v6-m\libgcc.a(subsf3.o)
                              main.o (__aeabi_fsub)
c:/program files (x86)/atmel/studio/7.0/toolchain/arm/arm-gnu-toolchain/bin/../lib/gcc/arm-none-eabi/6.3.1/thumb/v6-m\libgcc.a(fixsfsi.o)
                              c:/program files (x86)/atmel/studio/7.0/toolchain/arm/arm-gnu-toolchain/bin/../lib/gcc/arm-none-eabi/6.3.1/thumb/v6-m\libgcc.a(_fixunssfsi.o) (__aeabi_f2iz)
c:/program files (x86)/atmel/studio/7.0/toolchain/arm/arm-gnu-toolchain/bin/../lib/gcc/arm-none-eabi/6.3.1/thumb/v6-m\libgcc.a(floatsisf.o)
                              main.o (__aeabi_i2f)
c:/program files (x86)/atmel/studio/7.0/toolchain/arm/arm-gnu-toolchain/bin/../lib/gcc/arm-none-eabi/6.3.1/thumb/v6-m\libgcc.a(divdf3.o)
                              hpl/sercom/hpl_sercom.o (__aeabi_ddiv)
c:/program files (x86)/atmel/studio/7.0/toolchain/arm/arm-gnu-toolchain/bin/../lib/gcc/arm-none-eabi/6.3.1/thumb/v6-m\libgcc.a(muldf3.o)
                              hpl/sercom/hpl_sercom.o (__aeabi_dmul)
c:/program files (x86)/atmel/studio/7.0/toolchain/arm/arm-gnu-toolchain/bin/../lib/gcc/arm-none-eabi/6.3.1/thumb/v6-m\libgcc.a(subdf3.o)
                              hpl/sercom/hpl_sercom.o (__aeabi_dsub)
c:/program files (x86)/atmel/studio/7.0/toolchain/arm/arm-gnu-toolchain/bin/../lib/gcc/arm-none-eabi/6.3.1/thumb/v6-m\libgcc.a(fixdfsi.o)
                              c:/program files (x86)/atmel/studio/7.0/toolchain/arm/arm-gnu-toolchain/bin/../lib/gcc/arm-none-eabi/6.3.1/thumb/v6-m\libgcc.a(_fixunsdfsi.o) (__aeabi_d2iz)
c:/program files (x86)/atmel/studio/7.0/toolchain/arm/arm-gnu-toolchain/bin/../lib/gcc/arm-none-eabi/6.3.1/thumb/v6-m\libgcc.a(floatsidf.o)
                              hpl/sercom/hpl_sercom.o (__aeabi_i2d)
c:/program files (x86)/atmel/studio/7.0/toolchain/arm/arm-gnu-toolchain/bin/../lib/gcc/arm-none-eabi/6.3.1/thumb/v6-m\libgcc.a(floatunsidf.o)
                              hpl/sercom/hpl_sercom.o (__aeabi_ui2d)
c:/program files (x86)/atmel/studio/7.0/toolchain/arm/arm-gnu-toolchain/bin/../lib/gcc/arm-none-eabi/6.3.1/thumb/v6-m\libgcc.a(extendsfdf2.o)
                              main.o (__aeabi_f2d)
[...]
Memory Configuration

Name             Origin             Length             Attributes
rom              0x00000000         0x00040000         xr
ram              0x20000000         0x00008000         xrw
*default*        0x00000000         0xffffffff

Linker script and memory map

LOAD c:/program files (x86)/atmel/studio/7.0/toolchain/arm/arm-gnu-toolchain/bin/../lib/gcc/arm-none-eabi/6.3.1/thumb/v6-m/crtfastmath.o
LOAD c:/program files (x86)/atmel/studio/7.0/toolchain/arm/arm-gnu-toolchain/bin/../lib/gcc/arm-none-eabi/6.3.1/thumb/v6-m/crti.o
LOAD c:/program files (x86)/atmel/studio/7.0/toolchain/arm/arm-gnu-toolchain/bin/../lib/gcc/arm-none-eabi/6.3.1/thumb/v6-m/crtbegin.o
LOAD c:/program files (x86)/atmel/studio/7.0/toolchain/arm/arm-gnu-toolchain/bin/../lib/gcc/arm-none-eabi/6.3.1/../../../../arm-none-eabi/lib/thumb/v6-m/crt0.o
LOAD atmel_start.o
LOAD Device_Startup/startup_samd21.o
LOAD Device_Startup/system_samd21.o
LOAD driver_init.o
LOAD examples/driver_examples.o
LOAD hal/src/hal_atomic.o
LOAD hal/src/hal_delay.o
LOAD hal/src/hal_ext_irq.o
LOAD hal/src/hal_gpio.o
LOAD hal/src/hal_i2c_m_sync.o
LOAD hal/src/hal_init.o
LOAD hal/src/hal_io.o
LOAD hal/src/hal_sleep.o
LOAD hal/src/hal_usart_sync.o
LOAD hal/utils/src/utils_assert.o
LOAD hal/utils/src/utils_event.o
LOAD hal/utils/src/utils_list.o
LOAD hal/utils/src/utils_syscalls.o
LOAD hpl/core/hpl_core_m0plus_base.o
LOAD hpl/core/hpl_init.o
LOAD hpl/dmac/hpl_dmac.o
LOAD hpl/eic/hpl_eic.o
LOAD hpl/gclk/hpl_gclk.o
LOAD hpl/pm/hpl_pm.o
LOAD hpl/sercom/hpl_sercom.o
LOAD hpl/sysctrl/hpl_sysctrl.o
LOAD hpl/systick/hpl_systick.o
LOAD main.o
LOAD mcp23008_driver/mcp23008_driver.o
LOAD mcp23008_driver/mcp23008_driver_basic.o
LOAD mcp23008_driver/mcp23008_driver_interface.o
START GROUP
LOAD c:/program files (x86)/atmel/studio/7.0/toolchain/arm/arm-gnu-toolchain/bin/../lib/gcc/arm-none-eabi/6.3.1/../../../../arm-none-eabi/lib/thumb/v6-m\libm.a
END GROUP
START GROUP
LOAD c:/program files (x86)/atmel/studio/7.0/toolchain/arm/arm-gnu-toolchain/bin/../lib/gcc/arm-none-eabi/6.3.1/thumb/v6-m\libgcc.a
LOAD c:/program files (x86)/atmel/studio/7.0/toolchain/arm/arm-gnu-toolchain/bin/../lib/gcc/arm-none-eabi/6.3.1/../../../../arm-none-eabi/lib/thumb/v6-m\libc_nano.a
END GROUP
START GROUP
LOAD c:/program files (x86)/atmel/studio/7.0/toolchain/arm/arm-gnu-toolchain/bin/../lib/gcc/arm-none-eabi/6.3.1/thumb/v6-m\libgcc.a
LOAD c:/program files (x86)/atmel/studio/7.0/toolchain/arm/arm-gnu-toolchain/bin/../lib/gcc/arm-none-eabi/6.3.1/../../../../arm-none-eabi/lib/thumb/v6-m\libc_nano.a
END GROUP
LOAD c:/program files (x86)/atmel/studio/7.0/toolchain/arm/arm-gnu-toolchain/bin/../lib/gcc/arm-none-eabi/6.3.1/thumb/v6-m/crtend.o
LOAD c:/program files (x86)/atmel/studio/7.0/toolchain/arm/arm-gnu-toolchain/bin/../lib/gcc/arm-none-eabi/6.3.1/thumb/v6-m/crtn.o
                0x00002000                STACK_SIZE = DEFINED (STACK_SIZE)?STACK_SIZE:DEFINED (__stack_size__)?__stack_size__:0x2000

.text           0x00000000     0x3e28
                0x00000000                . = ALIGN (0x4)
                0x00000000                _sfixed = .
 *(.vectors .vectors.*)
 .vectors       0x00000000       0xb4 Device_Startup/startup_samd21.o
                0x00000000                exception_table
 *(.text .text.* .gnu.linkonce.t.*)
 .text          0x000000b4       0x60 c:/program files (x86)/atmel/studio/7.0/toolchain/arm/arm-gnu-toolchain/bin/../lib/gcc/arm-none-eabi/6.3.1/thumb/v6-m/crtbegin.o
 .text.atmel_start_init
                0x00000114        0x8 atmel_start.o
                0x00000114                atmel_start_init
 .text.Dummy_Handler
                0x0000011c        0x2 Device_Startup/startup_samd21.o
                0x0000011c                SVCall_Handler
                0x0000011c                DMAC_Handler
                0x0000011c                HardFault_Handler
                0x0000011c                AC_Handler
                0x0000011c                SysTick_Handler
                0x0000011c                PendSV_Handler
                0x0000011c                SERCOM1_Handler
                0x0000011c                ADC_Handler
                0x0000011c                NonMaskableInt_Handler
                0x0000011c                TCC1_Handler
                0x0000011c                SERCOM2_Handler
                0x0000011c                TCC0_Handler
                0x0000011c                RTC_Handler
                0x0000011c                WDT_Handler
                0x0000011c                TC4_Handler
                0x0000011c                USB_Handler
                0x0000011c                TC3_Handler
                0x0000011c                Dummy_Handler
                0x0000011c                PM_Handler
                0x0000011c                SERCOM5_Handler
                0x0000011c                TCC2_Handler
                0x0000011c                EVSYS_Handler
                0x0000011c                SERCOM3_Handler
                0x0000011c                SERCOM4_Handler
                0x0000011c                I2S_Handler
                0x0000011c                NVMCTRL_Handler
                0x0000011c                SERCOM0_Handler
                0x0000011c                DAC_Handler
                0x0000011c                PTC_Handler
                0x0000011c                TC5_Handler
                0x0000011c                SYSCTRL_Handler
 *fill*         0x0000011e        0x2 
 .text.Reset_Handler
                0x00000120       0xe8 Device_Startup/startup_samd21.o
                0x00000120                Reset_Handler
 .text.EXTERNAL_IRQ_0_init
                0x00000208       0x5c driver_init.o
                0x00000208                EXTERNAL_IRQ_0_init
 .text.I2C_0_PORT_init
                0x00000264       0x54 driver_init.o
                0x00000264                I2C_0_PORT_init
 .text.I2C_0_CLOCK_init
                0x000002b8       0x28 driver_init.o
                0x000002b8                I2C_0_CLOCK_init
 .text.I2C_0_init
                0x000002e0       0x30 driver_init.o
                0x000002e0                I2C_0_init
 .text.USART_0_PORT_init
                0x00000310       0x44 driver_init.o
                0x00000310                USART_0_PORT_init
 .text.USART_0_CLOCK_init
                0x00000354       0x20 driver_init.o
                0x00000354                USART_0_CLOCK_init
 .text.USART_0_init
                0x00000374       0x30 driver_init.o
                0x00000374                USART_0_init
 .text.delay_driver_init
                0x000003a4       0x10 driver_init.o
                0x000003a4                delay_driver_init
 .text.system_init
                0x000003b4       0x78 driver_init.o
                0x000003b4                system_init
 .text.delay_init
                0x0000042c       0x14 hal/src/hal_delay.o
                0x0000042c                delay_init
 .text.delay_ms
                0x00000440       0x1c hal/src/hal_delay.o
                0x00000440                delay_ms
 .text.process_ext_irq
                0x0000045c       0x4c hal/src/hal_ext_irq.o
 .text.ext_irq_init
                0x000004a8       0x34 hal/src/hal_ext_irq.o
                0x000004a8                ext_irq_init
 .text.i2c_m_sync_write
                0x000004dc       0x30 hal/src/hal_i2c_m_sync.o
 .text.i2c_m_sync_read
                0x0000050c       0x30 hal/src/hal_i2c_m_sync.o
 .text.i2c_m_sync_init
                0x0000053c       0x3c hal/src/hal_i2c_m_sync.o
                0x0000053c                i2c_m_sync_init
 .text.i2c_m_sync_enable
                0x00000578        0x8 hal/src/hal_i2c_m_sync.o
                0x00000578                i2c_m_sync_enable
 .text.i2c_m_sync_set_slaveaddr
                0x00000580       0x12 hal/src/hal_i2c_m_sync.o
                0x00000580                i2c_m_sync_set_slaveaddr
 .text.i2c_m_sync_get_io_descriptor
                0x00000592        0x8 hal/src/hal_i2c_m_sync.o
                0x00000592                i2c_m_sync_get_io_descriptor
 *fill*         0x0000059a        0x2 
 .text.io_write
                0x0000059c       0x34 hal/src/hal_io.o
                0x0000059c                io_write
 .text.io_read  0x000005d0       0x34 hal/src/hal_io.o
                0x000005d0                io_read
 .text.usart_sync_write
                0x00000604       0x68 hal/src/hal_usart_sync.o
 .text.usart_sync_read
                0x0000066c       0x64 hal/src/hal_usart_sync.o
 .text.usart_sync_init
                0x000006d0       0x4c hal/src/hal_usart_sync.o
                0x000006d0                usart_sync_init
 .text.usart_sync_enable
                0x0000071c       0x24 hal/src/hal_usart_sync.o
                0x0000071c                usart_sync_enable
 .text.usart_sync_get_io_descriptor
                0x00000740       0x2c hal/src/hal_usart_sync.o
                0x00000740                usart_sync_get_io_descriptor
 .text.assert   0x0000076c        0x8 hal/utils/src/utils_assert.o
                0x0000076c                assert
 .text._sbrk    0x00000774       0x44 hal/utils/src/utils_syscalls.o
                0x00000774                _sbrk
 .text._get_cycles_for_ms
                0x000007b8        0xc hpl/core/hpl_core_m0plus_base.o
                0x000007b8                _get_cycles_for_ms
 .text._init_chip
                0x000007c4       0x28 hpl/core/hpl_init.o
                0x000007c4                _init_chip
 .text._ext_irq_init
                0x000007ec       0x98 hpl/eic/hpl_eic.o
                0x000007ec                _ext_irq_init
 .text.EIC_Handler
                0x00000884       0xbc hpl/eic/hpl_eic.o
                0x00000884                EIC_Handler
 .text._gclk_init_generators_by_fref
                0x00000940       0x40 hpl/gclk/hpl_gclk.o
                0x00000940                _gclk_init_generators_by_fref
 .text._pm_init
                0x00000980       0x24 hpl/pm/hpl_pm.o
                0x00000980                _pm_init
 .text._sercom_get_hardware_index
                0x000009a4       0x10 hpl/sercom/hpl_sercom.o
 .text._get_sercom_index
                0x000009b4       0x40 hpl/sercom/hpl_sercom.o
 .text._usart_init
                0x000009f4      0x114 hpl/sercom/hpl_sercom.o
 .text._get_i2cm_index
                0x00000b08       0x44 hpl/sercom/hpl_sercom.o
 .text._i2c_m_sync_init_impl
                0x00000b4c       0xe4 hpl/sercom/hpl_sercom.o
 .text._sercom_i2c_sync_send_address
                0x00000c30      0x270 hpl/sercom/hpl_sercom.o
 .text._usart_sync_init
                0x00000ea0       0x24 hpl/sercom/hpl_sercom.o
                0x00000ea0                _usart_sync_init
 .text._usart_sync_enable
                0x00000ec4       0x12 hpl/sercom/hpl_sercom.o
                0x00000ec4                _usart_sync_enable
 .text._usart_sync_write_byte
                0x00000ed6        0x8 hpl/sercom/hpl_sercom.o
                0x00000ed6                _usart_sync_write_byte
 .text._usart_sync_read_byte
                0x00000ede        0x8 hpl/sercom/hpl_sercom.o
                0x00000ede                _usart_sync_read_byte
 .text._usart_sync_is_ready_to_send
                0x00000ee6        0xa hpl/sercom/hpl_sercom.o
                0x00000ee6                _usart_sync_is_ready_to_send
 .text._usart_sync_is_transmit_done
                0x00000ef0        0xc hpl/sercom/hpl_sercom.o
                0x00000ef0                _usart_sync_is_transmit_done
 .text._usart_sync_is_byte_received
                0x00000efc        0xc hpl/sercom/hpl_sercom.o
                0x00000efc                _usart_sync_is_byte_received
 .text._i2c_m_sync_init
                0x00000f08       0x2c hpl/sercom/hpl_sercom.o
                0x00000f08                _i2c_m_sync_init
 .text._i2c_m_sync_enable
                0x00000f34       0x80 hpl/sercom/hpl_sercom.o
                0x00000f34                _i2c_m_sync_enable
 .text._i2c_m_sync_transfer
                0x00000fb4      0x27c hpl/sercom/hpl_sercom.o
                0x00000fb4                _i2c_m_sync_transfer
 .text._sysctrl_init_sources
                0x00001230       0x18 hpl/sysctrl/hpl_sysctrl.o
                0x00001230                _sysctrl_init_sources
 .text._sysctrl_init_referenced_generators
                0x00001248       0x88 hpl/sysctrl/hpl_sysctrl.o
                0x00001248                _sysctrl_init_referenced_generators
 .text._system_time_init
                0x000012d0       0x14 hpl/systick/hpl_systick.o
                0x000012d0                _system_time_init
 .text._delay_init
                0x000012e4        0x8 hpl/systick/hpl_systick.o
                0x000012e4                _delay_init
 .text._delay_cycles
                0x000012ec       0x40 hpl/systick/hpl_systick.o
                0x000012ec                _delay_cycles
 .text.main     0x0000132c      0x210 main.o
                0x0000132c                main
 .text.print    0x0000153c       0x38 main.o
                0x0000153c                print
 .text.i2c_read
                0x00001574       0x48 main.o
                0x00001574                i2c_read
 .text.i2c_write
                0x000015bc       0x48 main.o
                0x000015bc                i2c_write
 .text.gpio_toggle_pin_green
                0x00001604        0xc main.o
                0x00001604                gpio_toggle_pin_green
 .text.gpio_toggle_pin_blue
                0x00001610        0xc main.o
                0x00001610                gpio_toggle_pin_blue
 .text.a_mcp23008_i2c_write
                0x0000161c       0x40 mcp23008_driver/mcp23008_driver.o
                0x0000161c                a_mcp23008_i2c_write
 .text.a_mcp23008_i2c_read
                0x0000165c       0x3a mcp23008_driver/mcp23008_driver.o
                0x0000165c                a_mcp23008_i2c_read
 *fill*         0x00001696        0x2 
 .text.a_mcp23008_print_error_msg
                0x00001698       0x10 mcp23008_driver/mcp23008_driver.o
                0x00001698                a_mcp23008_print_error_msg
 .text.mcp23008_init
                0x000016a8       0xb0 mcp23008_driver/mcp23008_driver.o
                0x000016a8                mcp23008_init
 .text.mcp23008_set_addr_pin
                0x00001758       0x20 mcp23008_driver/mcp23008_driver.o
                0x00001758                mcp23008_set_addr_pin
 .text.mcp23008_set_pin_mode
                0x00001778       0x78 mcp23008_driver/mcp23008_driver.o
                0x00001778                mcp23008_set_pin_mode
 .text.mcp23008_pin_write
                0x000017f0       0x78 mcp23008_driver/mcp23008_driver.o
                0x000017f0                mcp23008_pin_write
 .text.mcp23008_pin_write_all
                0x00001868       0x54 mcp23008_driver/mcp23008_driver.o
                0x00001868                mcp23008_pin_write_all
 .text.mcp23008_pin_read
                0x000018bc       0x5c mcp23008_driver/mcp23008_driver.o
                0x000018bc                mcp23008_pin_read
 .text.mcp23008_set_pin_pullup_mode
                0x00001918       0x78 mcp23008_driver/mcp23008_driver.o
                0x00001918                mcp23008_set_pin_pullup_mode
 .text.mcp23008_set_pin_input_polarity_mode
                0x00001990       0x78 mcp23008_driver/mcp23008_driver.o
                0x00001990                mcp23008_set_pin_input_polarity_mode
 .text.mcp23008_set_pin_interrupt
                0x00001a08       0x78 mcp23008_driver/mcp23008_driver.o
                0x00001a08                mcp23008_set_pin_interrupt
 .text.mcp23008_get_interrupt_flag
                0x00001a80       0x5c mcp23008_driver/mcp23008_driver.o
                0x00001a80                mcp23008_get_interrupt_flag
 .text.mcp23008_clear_interrupt_flag
                0x00001adc       0x4c mcp23008_driver/mcp23008_driver.o
                0x00001adc                mcp23008_clear_interrupt_flag
 .text.mcp23008_set_intrrupt_pin_output_level
                0x00001b28       0x70 mcp23008_driver/mcp23008_driver.o
                0x00001b28                mcp23008_set_intrrupt_pin_output_level
 .text.mcp23008_set_interrupt_pin_output_mode
                0x00001b98       0x70 mcp23008_driver/mcp23008_driver.o
                0x00001b98                mcp23008_set_interrupt_pin_output_mode
 .text.mcp23008_set_ineterrupt_compare_mode
                0x00001c08       0x78 mcp23008_driver/mcp23008_driver.o
                0x00001c08                mcp23008_set_ineterrupt_compare_mode
 .text.mcp23008_set_default_compare_value
                0x00001c80       0x78 mcp23008_driver/mcp23008_driver.o
                0x00001c80                mcp23008_set_default_compare_value
 .text.mcp23008_set_slew_rate
                0x00001cf8       0x78 mcp23008_driver/mcp23008_driver.o
                0x00001cf8                mcp23008_set_slew_rate
 .text.mcp23008_set_sequencial_mode
                0x00001d70       0x78 mcp23008_driver/mcp23008_driver.o
                0x00001d70                mcp23008_set_sequencial_mode
 .text.mcp23008_info
                0x00001de8       0x6c mcp23008_driver/mcp23008_driver.o
                0x00001de8                mcp23008_info
 .text.mcp23008_basic_initialize
                0x00001e54      0x2b0 mcp23008_driver/mcp23008_driver_basic.o
                0x00001e54                mcp23008_basic_initialize
 .text.mcp23008_basic_gpio_write
                0x00002104       0x14 mcp23008_driver/mcp23008_driver_basic.o
                0x00002104                mcp23008_basic_gpio_write
 .text.mcp23008_basic_gpio_set_direction
                0x00002118       0x6c mcp23008_driver/mcp23008_driver_basic.o
                0x00002118                mcp23008_basic_gpio_set_direction
 .text.mcp23008_basic_pin_write_all
                0x00002184       0x14 mcp23008_driver/mcp23008_driver_basic.o
                0x00002184                mcp23008_basic_pin_write_all
 .text.mcp23008_basic_gpio_read
                0x00002198       0x24 mcp23008_driver/mcp23008_driver_basic.o
                0x00002198                mcp23008_basic_gpio_read
 .text.mcp23008_basic_gpio_toggle
                0x000021bc       0x16 mcp23008_driver/mcp23008_driver_basic.o
                0x000021bc                mcp23008_basic_gpio_toggle
 *fill*         0x000021d2        0x2 
 .text.mcp23008_basic_interrupt_enable
                0x000021d4       0x30 mcp23008_driver/mcp23008_driver_basic.o
                0x000021d4                mcp23008_basic_interrupt_enable
 .text.mcp23008_basic_interrupt_disable
                0x00002204       0x14 mcp23008_driver/mcp23008_driver_basic.o
                0x00002204                mcp23008_basic_interrupt_disable
 .text.mcp23008_basic_clr_interrupt_flag
                0x00002218       0x10 mcp23008_driver/mcp23008_driver_basic.o
                0x00002218                mcp23008_basic_clr_interrupt_flag
 .text.mcp23008_basic_get_interrupt_flag
                0x00002228       0x14 mcp23008_driver/mcp23008_driver_basic.o
                0x00002228                mcp23008_basic_get_interrupt_flag
 .text.mcp23008_interface_i2c_init
                0x0000223c        0x4 mcp23008_driver/mcp23008_driver_interface.o
                0x0000223c                mcp23008_interface_i2c_init
 .text.mcp23008_interface_i2c_deinit
                0x00002240        0x4 mcp23008_driver/mcp23008_driver_interface.o
                0x00002240                mcp23008_interface_i2c_deinit
 .text.mcp23008_interface_delay_ms
                0x00002244        0x8 mcp23008_driver/mcp23008_driver_interface.o
                0x00002244                mcp23008_interface_delay_ms
 .text.mcp23008_interface_debug_print
                0x0000224c       0x48 mcp23008_driver/mcp23008_driver_interface.o
                0x0000224c                mcp23008_interface_debug_print
 .text.mcp23008_interface_i2c_read
                0x00002294       0x1c mcp23008_driver/mcp23008_driver_interface.o
                0x00002294                mcp23008_interface_i2c_read
 .text.mcp23008_interface_i2c_write
                0x000022b0       0x1c mcp23008_driver/mcp23008_driver_interface.o
                0x000022b0                mcp23008_interface_i2c_write
 .text.mcp23008_interface_receive_callback
                0x000022cc       0x44 mcp23008_driver/mcp23008_driver_interface.o
                0x000022cc                mcp23008_interface_receive_callback
 .text          0x00002310       0x14 c:/program files (x86)/atmel/studio/7.0/toolchain/arm/arm-gnu-toolchain/bin/../lib/gcc/arm-none-eabi/6.3.1/thumb/v6-m\libgcc.a(_thumb1_case_sqi.o)
                0x00002310                __gnu_thumb1_case_sqi
 .text          0x00002324       0x14 c:/program files (x86)/atmel/studio/7.0/toolchain/arm/arm-gnu-toolchain/bin/../lib/gcc/arm-none-eabi/6.3.1/thumb/v6-m\libgcc.a(_thumb1_case_uqi.o)
                0x00002324                __gnu_thumb1_case_uqi
 .text          0x00002338      0x114 c:/program files (x86)/atmel/studio/7.0/toolchain/arm/arm-gnu-toolchain/bin/../lib/gcc/arm-none-eabi/6.3.1/thumb/v6-m\libgcc.a(_udivsi3.o)
                0x00002338                __aeabi_uidiv
                0x00002338                __udivsi3
                0x00002444                __aeabi_uidivmod
 .text          0x0000244c        0x4 c:/program files (x86)/atmel/studio/7.0/toolchain/arm/arm-gnu-toolchain/bin/../lib/gcc/arm-none-eabi/6.3.1/thumb/v6-m\libgcc.a(_dvmd_tls.o)
                0x0000244c                __aeabi_idiv0
                0x0000244c                __aeabi_ldiv0
 .text          0x00002450       0x14 c:/program files (x86)/atmel/studio/7.0/toolchain/arm/arm-gnu-toolchain/bin/../lib/gcc/arm-none-eabi/6.3.1/thumb/v6-m\libgcc.a(_ffssi2.o)
                0x00002450                __ffssi2
 .text          0x00002464       0x30 c:/program files (x86)/atmel/studio/7.0/toolchain/arm/arm-gnu-toolchain/bin/../lib/gcc/arm-none-eabi/6.3.1/thumb/v6-m\libgcc.a(_fixunssfsi.o)
                0x00002464                __fixunssfsi
                0x00002464                __aeabi_f2uiz
 .text          0x00002494      0x240 c:/program files (x86)/atmel/studio/7.0/toolchain/arm/arm-gnu-toolchain/bin/../lib/gcc/arm-none-eabi/6.3.1/thumb/v6-m\libgcc.a(mulsf3.o)
                0x00002494                __aeabi_fmul
 .text          0x000026d4      0x338 c:/program files (x86)/atmel/studio/7.0/toolchain/arm/arm-gnu-toolchain/bin/../lib/gcc/arm-none-eabi/6.3.1/thumb/v6-m\libgcc.a(subsf3.o)
                0x000026d4                __aeabi_fsub
 .text          0x00002a0c       0x40 c:/program files (x86)/atmel/studio/7.0/toolchain/arm/arm-gnu-toolchain/bin/../lib/gcc/arm-none-eabi/6.3.1/thumb/v6-m\libgcc.a(fixsfsi.o)
                0x00002a0c                __aeabi_f2iz
 .text          0x00002a4c       0xa0 c:/program files (x86)/atmel/studio/7.0/toolchain/arm/arm-gnu-toolchain/bin/../lib/gcc/arm-none-eabi/6.3.1/thumb/v6-m\libgcc.a(floatsisf.o)
                0x00002a4c                __aeabi_i2f
 .text          0x00002aec       0xa4 c:/program files (x86)/atmel/studio/7.0/toolchain/arm/arm-gnu-toolchain/bin/../lib/gcc/arm-none-eabi/6.3.1/thumb/v6-m\libgcc.a(extendsfdf2.o)
                0x00002aec                __aeabi_f2d
 .text          0x00002b90       0x74 c:/program files (x86)/atmel/studio/7.0/toolchain/arm/arm-gnu-toolchain/bin/../lib/gcc/arm-none-eabi/6.3.1/thumb/v6-m\libgcc.a(_arm_cmpsf2.o)
                0x00002b90                __aeabi_cfrcmple
                0x00002b98                __aeabi_cfcmpeq
                0x00002b98                __aeabi_cfcmple
                0x00002ba8                __aeabi_fcmpeq
                0x00002bb4                __aeabi_fcmplt
                0x00002bc8                __aeabi_fcmple
                0x00002bdc                __aeabi_fcmpgt
                0x00002bf0                __aeabi_fcmpge
 .text          0x00002c04       0x3c c:/program files (x86)/atmel/studio/7.0/toolchain/arm/arm-gnu-toolchain/bin/../lib/gcc/arm-none-eabi/6.3.1/thumb/v6-m\libgcc.a(_clzsi2.o)
                0x00002c04                __clzsi2
 .text          0x00002c40       0x40 c:/program files (x86)/atmel/studio/7.0/toolchain/arm/arm-gnu-toolchain/bin/../lib/gcc/arm-none-eabi/6.3.1/thumb/v6-m\libgcc.a(_ctzsi2.o)
                0x00002c40                __ctzsi2
 .text          0x00002c80       0x4c c:/program files (x86)/atmel/studio/7.0/toolchain/arm/arm-gnu-toolchain/bin/../lib/gcc/arm-none-eabi/6.3.1/thumb/v6-m\libgcc.a(eqsf2.o)
                0x00002c80                __eqsf2
                0x00002c80                __nesf2
 .text          0x00002ccc       0x80 c:/program files (x86)/atmel/studio/7.0/toolchain/arm/arm-gnu-toolchain/bin/../lib/gcc/arm-none-eabi/6.3.1/thumb/v6-m\libgcc.a(gesf2.o)
                0x00002ccc                __gesf2
                0x00002ccc                __gtsf2
 .text          0x00002d4c       0x84 c:/program files (x86)/atmel/studio/7.0/toolchain/arm/arm-gnu-toolchain/bin/../lib/gcc/arm-none-eabi/6.3.1/thumb/v6-m\libgcc.a(lesf2.o)
                0x00002d4c                __ltsf2
                0x00002d4c                __lesf2
 .text.__libc_init_array
                0x00002dd0       0x48 c:/program files (x86)/atmel/studio/7.0/toolchain/arm/arm-gnu-toolchain/bin/../lib/gcc/arm-none-eabi/6.3.1/../../../../arm-none-eabi/lib/thumb/v6-m\libc_nano.a(lib_a-init.o)
                0x00002dd0                __libc_init_array
 .text.memset   0x00002e18       0x10 c:/program files (x86)/atmel/studio/7.0/toolchain/arm/arm-gnu-toolchain/bin/../lib/gcc/arm-none-eabi/6.3.1/../../../../arm-none-eabi/lib/thumb/v6-m\libc_nano.a(lib_a-memset.o)
                0x00002e18                memset
 .text          0x00002e28        0xe c:/program files (x86)/atmel/studio/7.0/toolchain/arm/arm-gnu-toolchain/bin/../lib/gcc/arm-none-eabi/6.3.1/../../../../arm-none-eabi/lib/thumb/v6-m\libc_nano.a(lib_a-strlen.o)
                0x00002e28                strlen
 .text.strncpy  0x00002e36       0x2a c:/program files (x86)/atmel/studio/7.0/toolchain/arm/arm-gnu-toolchain/bin/../lib/gcc/arm-none-eabi/6.3.1/../../../../arm-none-eabi/lib/thumb/v6-m\libc_nano.a(lib_a-strncpy.o)
                0x00002e36                strncpy
 .text._vsnprintf_r
                0x00002e60       0x56 c:/program files (x86)/atmel/studio/7.0/toolchain/arm/arm-gnu-toolchain/bin/../lib/gcc/arm-none-eabi/6.3.1/../../../../arm-none-eabi/lib/thumb/v6-m\libc_nano.a(lib_a-vsnprintf.o)
                0x00002e60                _vsniprintf_r
                0x00002e60                _vsnprintf_r
 *fill*         0x00002eb6        0x2 
 .text.vsnprintf
                0x00002eb8       0x18 c:/program files (x86)/atmel/studio/7.0/toolchain/arm/arm-gnu-toolchain/bin/../lib/gcc/arm-none-eabi/6.3.1/../../../../arm-none-eabi/lib/thumb/v6-m\libc_nano.a(lib_a-vsnprintf.o)
                0x00002eb8                vsniprintf
                0x00002eb8                vsnprintf
 .text._malloc_r
                0x00002ed0       0xbc c:/program files (x86)/atmel/studio/7.0/toolchain/arm/arm-gnu-toolchain/bin/../lib/gcc/arm-none-eabi/6.3.1/../../../../arm-none-eabi/lib/thumb/v6-m\libc_nano.a(lib_a-nano-mallocr.o)
                0x00002ed0                _malloc_r
 .text.__ssputs_r
                0x00002f8c       0xc4 c:/program files (x86)/atmel/studio/7.0/toolchain/arm/arm-gnu-toolchain/bin/../lib/gcc/arm-none-eabi/6.3.1/../../../../arm-none-eabi/lib/thumb/v6-m\libc_nano.a(lib_a-nano-svfprintf.o)
                0x00002f8c                __ssputs_r
 .text._svfprintf_r
                0x00003050      0x208 c:/program files (x86)/atmel/studio/7.0/toolchain/arm/arm-gnu-toolchain/bin/../lib/gcc/arm-none-eabi/6.3.1/../../../../arm-none-eabi/lib/thumb/v6-m\libc_nano.a(lib_a-nano-svfprintf.o)
                0x00003050                _svfiprintf_r
                0x00003050                _svfprintf_r
 .text._printf_common
                0x00003258       0xda c:/program files (x86)/atmel/studio/7.0/toolchain/arm/arm-gnu-toolchain/bin/../lib/gcc/arm-none-eabi/6.3.1/../../../../arm-none-eabi/lib/thumb/v6-m\libc_nano.a(lib_a-nano-vfprintf_i.o)
                0x00003258                _printf_common
 *fill*         0x00003332        0x2 
 .text._printf_i
                0x00003334      0x234 c:/program files (x86)/atmel/studio/7.0/toolchain/arm/arm-gnu-toolchain/bin/../lib/gcc/arm-none-eabi/6.3.1/../../../../arm-none-eabi/lib/thumb/v6-m\libc_nano.a(lib_a-nano-vfprintf_i.o)
                0x00003334                _printf_i
 .text._sbrk_r  0x00003568       0x24 c:/program files (x86)/atmel/studio/7.0/toolchain/arm/arm-gnu-toolchain/bin/../lib/gcc/arm-none-eabi/6.3.1/../../../../arm-none-eabi/lib/thumb/v6-m\libc_nano.a(lib_a-sbrkr.o)
                0x00003568                _sbrk_r
 .text.memchr   0x0000358c       0x16 c:/program files (x86)/atmel/studio/7.0/toolchain/arm/arm-gnu-toolchain/bin/../lib/gcc/arm-none-eabi/6.3.1/../../../../arm-none-eabi/lib/thumb/v6-m\libc_nano.a(lib_a-memchr-stub.o)
                0x0000358c                memchr
 .text.memcpy   0x000035a2       0x12 c:/program files (x86)/atmel/studio/7.0/toolchain/arm/arm-gnu-toolchain/bin/../lib/gcc/arm-none-eabi/6.3.1/../../../../arm-none-eabi/lib/thumb/v6-m\libc_nano.a(lib_a-memcpy-stub.o)
                0x000035a2                memcpy
 .text.memmove  0x000035b4       0x24 c:/program files (x86)/atmel/studio/7.0/toolchain/arm/arm-gnu-toolchain/bin/../lib/gcc/arm-none-eabi/6.3.1/../../../../arm-none-eabi/lib/thumb/v6-m\libc_nano.a(lib_a-memmove.o)
                0x000035b4                memmove
 .text.__malloc_lock
                0x000035d8        0x2 c:/program files (x86)/atmel/studio/7.0/toolchain/arm/arm-gnu-toolchain/bin/../lib/gcc/arm-none-eabi/6.3.1/../../../../arm-none-eabi/lib/thumb/v6-m\libc_nano.a(lib_a-mlock.o)
                0x000035d8                __malloc_lock
 .text.__malloc_unlock
                0x000035da        0x2 c:/program files (x86)/atmel/studio/7.0/toolchain/arm/arm-gnu-toolchain/bin/../lib/gcc/arm-none-eabi/6.3.1/../../../../arm-none-eabi/lib/thumb/v6-m\libc_nano.a(lib_a-mlock.o)
                0x000035da                __malloc_unlock
 .text._free_r  0x000035dc       0x94 c:/program files (x86)/atmel/studio/7.0/toolchain/arm/arm-gnu-toolchain/bin/../lib/gcc/arm-none-eabi/6.3.1/../../../../arm-none-eabi/lib/thumb/v6-m\libc_nano.a(lib_a-nano-freer.o)
                0x000035dc                _free_r
 .text._realloc_r
                0x00003670       0x4c c:/program files (x86)/atmel/studio/7.0/toolchain/arm/arm-gnu-toolchain/bin/../lib/gcc/arm-none-eabi/6.3.1/../../../../arm-none-eabi/lib/thumb/v6-m\libc_nano.a(lib_a-nano-reallocr.o)
                0x00003670                _realloc_r
 .text._malloc_usable_size_r
                0x000036bc       0x10 c:/program files (x86)/atmel/studio/7.0/toolchain/arm/arm-gnu-toolchain/bin/../lib/gcc/arm-none-eabi/6.3.1/../../../../arm-none-eabi/lib/thumb/v6-m\libc_nano.a(lib_a-nano-msizer.o)
                0x000036bc                _malloc_usable_size_r
 *(.glue_7t)
 .glue_7t       0x000036cc        0x0 linker stubs
 *(.glue_7)
 .glue_7        0x000036cc        0x0 linker stubs
 *(.rodata .rodata* .gnu.linkonce.r.*)
 .rodata.str1.4
                0x000036cc       0x1c hal/src/hal_i2c_m_sync.o
 .rodata.str1.4
                0x000036e8       0x14 hal/src/hal_io.o
 .rodata.str1.4
                0x000036fc       0x1c hal/src/hal_usart_sync.o
 .rodata        0x00003718        0x8 hpl/eic/hpl_eic.o
 .rodata.str1.4
                0x00003720       0x15 hpl/eic/hpl_eic.o
 *fill*         0x00003735        0x3 
 .rodata        0x00003738       0x4d hpl/sercom/hpl_sercom.o
 *fill*         0x00003785        0x3 
 .rodata.str1.4
                0x00003788       0x1b hpl/sercom/hpl_sercom.o
 *fill*         0x000037a3        0x1 
 .rodata.str1.4
                0x000037a4       0xee main.o
 *fill*         0x00003892        0x2 
 .rodata        0x00003894        0x8 mcp23008_driver/mcp23008_driver.o
 .rodata.str1.4
                0x0000389c      0x40d mcp23008_driver/mcp23008_driver.o
 *fill*         0x00003ca9        0x3 
 .rodata.str1.4
                0x00003cac       0x88 mcp23008_driver/mcp23008_driver_interface.o
 .rodata        0x00003d34       0x40 c:/program files (x86)/atmel/studio/7.0/toolchain/arm/arm-gnu-toolchain/bin/../lib/gcc/arm-none-eabi/6.3.1/thumb/v6-m\libgcc.a(mulsf3.o)
 .rodata.__sf_fake_stderr
                0x00003d74       0x20 c:/program files (x86)/atmel/studio/7.0/toolchain/arm/arm-gnu-toolchain/bin/../lib/gcc/arm-none-eabi/6.3.1/../../../../arm-none-eabi/lib/thumb/v6-m\libc_nano.a(lib_a-findfp.o)
                0x00003d74                __sf_fake_stderr
 .rodata.__sf_fake_stdin
                0x00003d94       0x20 c:/program files (x86)/atmel/studio/7.0/toolchain/arm/arm-gnu-toolchain/bin/../lib/gcc/arm-none-eabi/6.3.1/../../../../arm-none-eabi/lib/thumb/v6-m\libc_nano.a(lib_a-findfp.o)
                0x00003d94                __sf_fake_stdin
 .rodata.__sf_fake_stdout
                0x00003db4       0x20 c:/program files (x86)/atmel/studio/7.0/toolchain/arm/arm-gnu-toolchain/bin/../lib/gcc/arm-none-eabi/6.3.1/../../../../arm-none-eabi/lib/thumb/v6-m\libc_nano.a(lib_a-findfp.o)
                0x00003db4                __sf_fake_stdout
 .rodata._svfprintf_r.str1.1
                0x00003dd4       0x11 c:/program files (x86)/atmel/studio/7.0/toolchain/arm/arm-gnu-toolchain/bin/../lib/gcc/arm-none-eabi/6.3.1/../../../../arm-none-eabi/lib/thumb/v6-m\libc_nano.a(lib_a-nano-svfprintf.o)
 .rodata._printf_i.str1.1
                0x00003de5       0x22 c:/program files (x86)/atmel/studio/7.0/toolchain/arm/arm-gnu-toolchain/bin/../lib/gcc/arm-none-eabi/6.3.1/../../../../arm-none-eabi/lib/thumb/v6-m\libc_nano.a(lib_a-nano-vfprintf_i.o)
 *(.ARM.extab* .gnu.linkonce.armextab.*)
                0x00003e08                . = ALIGN (0x4)
 *fill*         0x00003e07        0x1 
 *(.init)
 .init          0x00003e08        0x4 c:/program files (x86)/atmel/studio/7.0/toolchain/arm/arm-gnu-toolchain/bin/../lib/gcc/arm-none-eabi/6.3.1/thumb/v6-m/crti.o
                0x00003e08                _init
 .init          0x00003e0c        0x8 c:/program files (x86)/atmel/studio/7.0/toolchain/arm/arm-gnu-toolchain/bin/../lib/gcc/arm-none-eabi/6.3.1/thumb/v6-m/crtn.o
                0x00003e14                . = ALIGN (0x4)
                0x00003e14                __preinit_array_start = .
 *(.preinit_array)
                0x00003e14                __preinit_array_end = .
                0x00003e14                . = ALIGN (0x4)
                0x00003e14                __init_array_start = .
 *(SORT(.init_array.*))
 *(.init_array)
 .init_array    0x00003e14        0x4 c:/program files (x86)/atmel/studio/7.0/toolchain/arm/arm-gnu-toolchain/bin/../lib/gcc/arm-none-eabi/6.3.1/thumb/v6-m/crtbegin.o
                0x00003e18                __init_array_end = .
                0x00003e18                . = ALIGN (0x4)
 *crtbegin.o(.ctors)
 *(EXCLUDE_FILE(*crtend.o) .ctors)
 *(SORT(.ctors.*))
 *crtend.o(.ctors)
                0x00003e18                . = ALIGN (0x4)
 *(.fini)
 .fini          0x00003e18        0x4 c:/program files (x86)/atmel/studio/7.0/toolchain/arm/arm-gnu-toolchain/bin/../lib/gcc/arm-none-eabi/6.3.1/thumb/v6-m/crti.o
                0x00003e18                _fini
 .fini          0x00003e1c        0x8 c:/program files (x86)/atmel/studio/7.0/toolchain/arm/arm-gnu-toolchain/bin/../lib/gcc/arm-none-eabi/6.3.1/thumb/v6-m/crtn.o
                0x00003e24                . = ALIGN (0x4)
                0x00003e24                __fini_array_start = .
 *(.fini_array)
 .fini_array    0x00003e24        0x4 c:/program files (x86)/atmel/studio/7.0/toolchain/arm/arm-gnu-toolchain/bin/../lib/gcc/arm-none-eabi/6.3.1/thumb/v6-m/crtbegin.o
 *(SORT(.fini_array.*))
                0x00003e28                __fini_array_end = .
 *crtbegin.o(.dtors)
 *(EXCLUDE_FILE(*crtend.o) .dtors)
 *(SORT(.dtors.*))
 *crtend.o(.dtors)
                0x00003e28                . = ALIGN (0x4)
                0x00003e28                _efixed = .
                [!provide]                PROVIDE (__exidx_start, .)

.vfp11_veneer   0x00003e28        0x0
 .vfp11_veneer  0x00003e28        0x0 linker stubs

.v4_bx          0x00003e28        0x0
 .v4_bx         0x00003e28        0x0 linker stubs

.iplt           0x00003e28        0x0
 .iplt          0x00003e28        0x0 c:/program files (x86)/atmel/studio/7.0/toolchain/arm/arm-gnu-toolchain/bin/../lib/gcc/arm-none-eabi/6.3.1/thumb/v6-m/crtbegin.o

.eh_frame       0x00003e28        0x0
 .eh_frame      0x00003e28        0x0 c:/program files (x86)/atmel/studio/7.0/toolchain/arm/arm-gnu-toolchain/bin/../lib/gcc/arm-none-eabi/6.3.1/thumb/v6-m/crtbegin.o

.rel.dyn        0x00003e28        0x0
 .rel.iplt      0x00003e28        0x0 c:/program files (x86)/atmel/studio/7.0/toolchain/arm/arm-gnu-toolchain/bin/../lib/gcc/arm-none-eabi/6.3.1/thumb/v6-m/crtbegin.o
 .rel.got       0x00003e28        0x0 c:/program files (x86)/atmel/studio/7.0/toolchain/arm/arm-gnu-toolchain/bin/../lib/gcc/arm-none-eabi/6.3.1/thumb/v6-m/crtbegin.o

.jcr            0x00003e28        0x0
 .jcr           0x00003e28        0x0 c:/program files (x86)/atmel/studio/7.0/toolchain/arm/arm-gnu-toolchain/bin/../lib/gcc/arm-none-eabi/6.3.1/thumb/v6-m/crtbegin.o

.igot.plt       0x00003e28        0x0
 .igot.plt      0x00003e28        0x0 c:/program files (x86)/atmel/studio/7.0/toolchain/arm/arm-gnu-toolchain/bin/../lib/gcc/arm-none-eabi/6.3.1/thumb/v6-m/crtbegin.o

.got            0x00003e28       0x4c
 .got           0x00003e28       0x4c c:/program files (x86)/atmel/studio/7.0/toolchain/arm/arm-gnu-toolchain/bin/../lib/gcc/arm-none-eabi/6.3.1/thumb/v6-m/crtbegin.o

.got.plt        0x00003e74        0xc
 .got.plt       0x00003e74        0xc c:/program files (x86)/atmel/studio/7.0/toolchain/arm/arm-gnu-toolchain/bin/../lib/gcc/arm-none-eabi/6.3.1/thumb/v6-m/crtbegin.o
                0x00003e74                _GLOBAL_OFFSET_TABLE_

.ARM.exidx
 *(.ARM.exidx* .gnu.linkonce.armexidx.*)
                [!provide]                PROVIDE (__exidx_end, .)
                0x00003e80                . = ALIGN (0x4)
                0x00003e80                _etext = .

.relocate       0x20000000       0x64 load address 0x00003e80
                0x20000000                . = ALIGN (0x4)
                0x20000000                _srelocate = .
 *(.ramfunc .ramfunc.*)
 *(.data .data.*)
 .data._impure_ptr
                0x20000000        0x4 c:/program files (x86)/atmel/studio/7.0/toolchain/arm/arm-gnu-toolchain/bin/../lib/gcc/arm-none-eabi/6.3.1/../../../../arm-none-eabi/lib/thumb/v6-m\libc_nano.a(lib_a-impure.o)
                0x20000000                _impure_ptr
 .data.impure_data
                0x20000004       0x60 c:/program files (x86)/atmel/studio/7.0/toolchain/arm/arm-gnu-toolchain/bin/../lib/gcc/arm-none-eabi/6.3.1/../../../../arm-none-eabi/lib/thumb/v6-m\libc_nano.a(lib_a-impure.o)
                0x20000064                . = ALIGN (0x4)
                0x20000064                _erelocate = .

.bss            0x20000064      0x134 load address 0x00003ee4
                0x20000064                . = ALIGN (0x4)
                0x20000064                _sbss = .
                0x20000064                _szero = .
 *(.bss .bss.*)
 .bss           0x20000064       0x1c c:/program files (x86)/atmel/studio/7.0/toolchain/arm/arm-gnu-toolchain/bin/../lib/gcc/arm-none-eabi/6.3.1/thumb/v6-m/crtbegin.o
 .bss           0x20000080        0x4 hal/src/hal_delay.o
 .bss           0x20000084        0x8 hal/src/hal_ext_irq.o
 .bss           0x2000008c        0x4 hal/utils/src/utils_syscalls.o
 .bss           0x20000090        0x4 hpl/eic/hpl_eic.o
 .bss           0x20000094       0x60 main.o
 .bss           0x200000f4       0x60 mcp23008_driver/mcp23008_driver_basic.o
 .bss.__malloc_free_list
                0x20000154        0x4 c:/program files (x86)/atmel/studio/7.0/toolchain/arm/arm-gnu-toolchain/bin/../lib/gcc/arm-none-eabi/6.3.1/../../../../arm-none-eabi/lib/thumb/v6-m\libc_nano.a(lib_a-nano-mallocr.o)
                0x20000154                __malloc_free_list
 .bss.__malloc_sbrk_start
                0x20000158        0x4 c:/program files (x86)/atmel/studio/7.0/toolchain/arm/arm-gnu-toolchain/bin/../lib/gcc/arm-none-eabi/6.3.1/../../../../arm-none-eabi/lib/thumb/v6-m\libc_nano.a(lib_a-nano-mallocr.o)
                0x20000158                __malloc_sbrk_start
 *(COMMON)
 COMMON         0x2000015c       0x2c driver_init.o
                0x2000015c                USART_0
                0x20000168                I2C_0
 COMMON         0x20000188        0x9 main.o
                0x20000188                btn_press_status
                0x2000018c                int_flag
                0x20000190                test
 *fill*         0x20000191        0x3 
 COMMON         0x20000194        0x4 c:/program files (x86)/atmel/studio/7.0/toolchain/arm/arm-gnu-toolchain/bin/../lib/gcc/arm-none-eabi/6.3.1/../../../../arm-none-eabi/lib/thumb/v6-m\libc_nano.a(lib_a-reent.o)
                0x20000194                errno
                0x20000198                . = ALIGN (0x4)
                0x20000198                _ebss = .
                0x20000198                _ezero = .

.stack          0x20000198     0x2000 load address 0x00004018
                0x20000198                . = ALIGN (0x8)
                0x20000198                _sstack = .
                0x20002198                . = (. + STACK_SIZE)
 *fill*         0x20000198     0x2000 
                0x20002198                . = ALIGN (0x8)
                0x20002198                _estack = .
                0x20002198                . = ALIGN (0x4)
                0x20002198                _end = .
OUTPUT(mcp23008_io_expander_SAMD21.elf elf32-littlearm)

.ARM.attributes
                0x00000000       0x2a
 .ARM.attributes
                0x00000000       0x1e c:/program files (x86)/atmel/studio/7.0/toolchain/arm/arm-gnu-toolchain/bin/../lib/gcc/arm-none-eabi/6.3.1/thumb/v6-m/crti.o
 .ARM.attributes
                0x0000001e       0x2c c:/program files (x86)/atmel/studio/7.0/toolchain/arm/arm-gnu-toolchain/bin/../lib/gcc/arm-none-eabi/6.3.1/thumb/v6-m/crtbegin.o
 .ARM.attributes
                0x0000004a       0x2e atmel_start.o
 .ARM.attributes
                0x00000078       0x2e Device_Startup/startup_samd21.o
 .ARM.attributes
                0x000000a6       0x2e driver_init.o
 .ARM.attributes
                0x000000d4       0x2e hal/src/hal_delay.o
 .ARM.attributes
                0x00000102       0x2e hal/src/hal_ext_irq.o
 .ARM.attributes
                0x00000130       0x2e hal/src/hal_i2c_m_sync.o
 .ARM.attributes
                0x0000015e       0x2e hal/src/hal_io.o
 .ARM.attributes
                0x0000018c       0x2e hal/src/hal_usart_sync.o
 .ARM.attributes
                0x000001ba       0x2e hal/utils/src/utils_assert.o
 .ARM.attributes
                0x000001e8       0x2e hal/utils/src/utils_syscalls.o
 .ARM.attributes
                0x00000216       0x2e hpl/core/hpl_core_m0plus_base.o
 .ARM.attributes
                0x00000244       0x2e hpl/core/hpl_init.o
 .ARM.attributes
                0x00000272       0x2e hpl/eic/hpl_eic.o
 .ARM.attributes
                0x000002a0       0x2e hpl/gclk/hpl_gclk.o
 .ARM.attributes
                0x000002ce       0x2e hpl/pm/hpl_pm.o
 .ARM.attributes
                0x000002fc       0x2e hpl/sercom/hpl_sercom.o
 .ARM.attributes
                0x0000032a       0x2e hpl/sysctrl/hpl_sysctrl.o
 .ARM.attributes
                0x00000358       0x2e hpl/systick/hpl_systick.o
 .ARM.attributes
                0x00000386       0x2e main.o
 .ARM.attributes
                0x000003b4       0x2e mcp23008_driver/mcp23008_driver.o
 .ARM.attributes
                0x000003e2       0x2e mcp23008_driver/mcp23008_driver_basic.o
 .ARM.attributes
                0x00000410       0x2e mcp23008_driver/mcp23008_driver_interface.o
 .ARM.attributes
                0x0000043e       0x1e c:/program files (x86)/atmel/studio/7.0/toolchain/arm/arm-gnu-toolchain/bin/../lib/gcc/arm-none-eabi/6.3.1/thumb/v6-m\libgcc.a(_thumb1_case_sqi.o)
 .ARM.attributes
                0x0000045c       0x1e c:/program files (x86)/atmel/studio/7.0/toolchain/arm/arm-gnu-toolchain/bin/../lib/gcc/arm-none-eabi/6.3.1/thumb/v6-m\libgcc.a(_thumb1_case_uqi.o)
 .ARM.attributes
                0x0000047a       0x1e c:/program files (x86)/atmel/studio/7.0/toolchain/arm/arm-gnu-toolchain/bin/../lib/gcc/arm-none-eabi/6.3.1/thumb/v6-m\libgcc.a(_udivsi3.o)
 .ARM.attributes
                0x00000498       0x1e c:/program files (x86)/atmel/studio/7.0/toolchain/arm/arm-gnu-toolchain/bin/../lib/gcc/arm-none-eabi/6.3.1/thumb/v6-m\libgcc.a(_dvmd_tls.o)
 .ARM.attributes
                0x000004b6       0x2c c:/program files (x86)/atmel/studio/7.0/toolchain/arm/arm-gnu-toolchain/bin/../lib/gcc/arm-none-eabi/6.3.1/thumb/v6-m\libgcc.a(_ffssi2.o)
 .ARM.attributes
                0x000004e2       0x2c c:/program files (x86)/atmel/studio/7.0/toolchain/arm/arm-gnu-toolchain/bin/../lib/gcc/arm-none-eabi/6.3.1/thumb/v6-m\libgcc.a(_fixunssfsi.o)
 .ARM.attributes
                0x0000050e       0x2c c:/program files (x86)/atmel/studio/7.0/toolchain/arm/arm-gnu-toolchain/bin/../lib/gcc/arm-none-eabi/6.3.1/thumb/v6-m\libgcc.a(mulsf3.o)
 .ARM.attributes
                0x0000053a       0x2c c:/program files (x86)/atmel/studio/7.0/toolchain/arm/arm-gnu-toolchain/bin/../lib/gcc/arm-none-eabi/6.3.1/thumb/v6-m\libgcc.a(subsf3.o)
 .ARM.attributes
                0x00000566       0x2c c:/program files (x86)/atmel/studio/7.0/toolchain/arm/arm-gnu-toolchain/bin/../lib/gcc/arm-none-eabi/6.3.1/thumb/v6-m\libgcc.a(fixsfsi.o)
 .ARM.attributes
                0x00000592       0x2c c:/program files (x86)/atmel/studio/7.0/toolchain/arm/arm-gnu-toolchain/bin/../lib/gcc/arm-none-eabi/6.3.1/thumb/v6-m\libgcc.a(floatsisf.o)
 .ARM.attributes
                0x000005be       0x2c c:/program files (x86)/atmel/studio/7.0/toolchain/arm/arm-gnu-toolchain/bin/../lib/gcc/arm-none-eabi/6.3.1/thumb/v6-m\libgcc.a(extendsfdf2.o)
 .ARM.attributes
                0x000005ea       0x1e c:/program files (x86)/atmel/studio/7.0/toolchain/arm/arm-gnu-toolchain/bin/../lib/gcc/arm-none-eabi/6.3.1/thumb/v6-m\libgcc.a(_arm_cmpsf2.o)
 .ARM.attributes
                0x00000608       0x1e c:/program files (x86)/atmel/studio/7.0/toolchain/arm/arm-gnu-toolchain/bin/../lib/gcc/arm-none-eabi/6.3.1/thumb/v6-m\libgcc.a(_clzsi2.o)
 .ARM.attributes
                0x00000626       0x1e c:/program files (x86)/atmel/studio/7.0/toolchain/arm/arm-gnu-toolchain/bin/../lib/gcc/arm-none-eabi/6.3.1/thumb/v6-m\libgcc.a(_ctzsi2.o)
 .ARM.attributes
                0x00000644       0x2c c:/program files (x86)/atmel/studio/7.0/toolchain/arm/arm-gnu-toolchain/bin/../lib/gcc/arm-none-eabi/6.3.1/thumb/v6-m\libgcc.a(eqsf2.o)
 .ARM.attributes
                0x00000670       0x2c c:/program files (x86)/atmel/studio/7.0/toolchain/arm/arm-gnu-toolchain/bin/../lib/gcc/arm-none-eabi/6.3.1/thumb/v6-m\libgcc.a(gesf2.o)
 .ARM.attributes
                0x0000069c       0x2c c:/program files (x86)/atmel/studio/7.0/toolchain/arm/arm-gnu-toolchain/bin/../lib/gcc/arm-none-eabi/6.3.1/thumb/v6-m\libgcc.a(lesf2.o)
 .ARM.attributes
                0x000006c8       0x2c c:/program files (x86)/atmel/studio/7.0/toolchain/arm/arm-gnu-toolchain/bin/../lib/gcc/arm-none-eabi/6.3.1/../../../../arm-none-eabi/lib/thumb/v6-m\libc_nano.a(lib_a-impure.o)
 .ARM.attributes
                0x000006f4       0x2c c:/program files (x86)/atmel/studio/7.0/toolchain/arm/arm-gnu-toolchain/bin/../lib/gcc/arm-none-eabi/6.3.1/../../../../arm-none-eabi/lib/thumb/v6-m\libc_nano.a(lib_a-init.o)
 .ARM.attributes
                0x00000720       0x2c c:/program files (x86)/atmel/studio/7.0/toolchain/arm/arm-gnu-toolchain/bin/../lib/gcc/arm-none-eabi/6.3.1/../../../../arm-none-eabi/lib/thumb/v6-m\libc_nano.a(lib_a-memset.o)
 .ARM.attributes
                0x0000074c       0x1c c:/program files (x86)/atmel/studio/7.0/toolchain/arm/arm-gnu-toolchain/bin/../lib/gcc/arm-none-eabi/6.3.1/../../../../arm-none-eabi/lib/thumb/v6-m\libc_nano.a(lib_a-strlen.o)
 .ARM.attributes
                0x00000768       0x2c c:/program files (x86)/atmel/studio/7.0/toolchain/arm/arm-gnu-toolchain/bin/../lib/gcc/arm-none-eabi/6.3.1/../../../../arm-none-eabi/lib/thumb/v6-m\libc_nano.a(lib_a-strncpy.o)
 .ARM.attributes
                0x00000794       0x2c c:/program files (x86)/atmel/studio/7.0/toolchain/arm/arm-gnu-toolchain/bin/../lib/gcc/arm-none-eabi/6.3.1/../../../../arm-none-eabi/lib/thumb/v6-m\libc_nano.a(lib_a-vsnprintf.o)
 .ARM.attributes
                0x000007c0       0x2c c:/program files (x86)/atmel/studio/7.0/toolchain/arm/arm-gnu-toolchain/bin/../lib/gcc/arm-none-eabi/6.3.1/../../../../arm-none-eabi/lib/thumb/v6-m\libc_nano.a(lib_a-findfp.o)
 .ARM.attributes
                0x000007ec       0x2c c:/program files (x86)/atmel/studio/7.0/toolchain/arm/arm-gnu-toolchain/bin/../lib/gcc/arm-none-eabi/6.3.1/../../../../arm-none-eabi/lib/thumb/v6-m\libc_nano.a(lib_a-nano-mallocr.o)
 .ARM.attributes
                0x00000818       0x2c c:/program files (x86)/atmel/studio/7.0/toolchain/arm/arm-gnu-toolchain/bin/../lib/gcc/arm-none-eabi/6.3.1/../../../../arm-none-eabi/lib/thumb/v6-m\libc_nano.a(lib_a-nano-svfprintf.o)
 .ARM.attributes
                0x00000844       0x2c c:/program files (x86)/atmel/studio/7.0/toolchain/arm/arm-gnu-toolchain/bin/../lib/gcc/arm-none-eabi/6.3.1/../../../../arm-none-eabi/lib/thumb/v6-m\libc_nano.a(lib_a-nano-vfprintf_i.o)
 .ARM.attributes
                0x00000870       0x2c c:/program files (x86)/atmel/studio/7.0/toolchain/arm/arm-gnu-toolchain/bin/../lib/gcc/arm-none-eabi/6.3.1/../../../../arm-none-eabi/lib/thumb/v6-m\libc_nano.a(lib_a-sbrkr.o)
 .ARM.attributes
                0x0000089c       0x2c c:/program files (x86)/atmel/studio/7.0/toolchain/arm/arm-gnu-toolchain/bin/../lib/gcc/arm-none-eabi/6.3.1/../../../../arm-none-eabi/lib/thumb/v6-m\libc_nano.a(lib_a-memchr-stub.o)
 .ARM.attributes
                0x000008c8       0x2c c:/program files (x86)/atmel/studio/7.0/toolchain/arm/arm-gnu-toolchain/bin/../lib/gcc/arm-none-eabi/6.3.1/../../../../arm-none-eabi/lib/thumb/v6-m\libc_nano.a(lib_a-memcpy-stub.o)
 .ARM.attributes
                0x000008f4       0x2c c:/program files (x86)/atmel/studio/7.0/toolchain/arm/arm-gnu-toolchain/bin/../lib/gcc/arm-none-eabi/6.3.1/../../../../arm-none-eabi/lib/thumb/v6-m\libc_nano.a(lib_a-memmove.o)
 .ARM.attributes
                0x00000920       0x2c c:/program files (x86)/atmel/studio/7.0/toolchain/arm/arm-gnu-toolchain/bin/../lib/gcc/arm-none-eabi/6.3.1/../../../../arm-none-eabi/lib/thumb/v6-m\libc_nano.a(lib_a-mlock.o)
 .ARM.attributes
                0x0000094c       0x2c c:/program files (x86)/atmel/studio/7.0/toolchain/arm/arm-gnu-toolchain/bin/../lib/gcc/arm-none-eabi/6.3.1/../../../../arm-none-eabi/lib/thumb/v6-m\libc_nano.a(lib_a-nano-freer.o)
 .ARM.attributes
                0x00000978       0x2c c:/program files (x86)/atmel/studio/7.0/toolchain/arm/arm-gnu-toolchain/bin/../lib/gcc/arm-none-eabi/6.3.1/../../../../arm-none-eabi/lib/thumb/v6-m\libc_nano.a(lib_a-nano-reallocr.o)
 .ARM.attributes
                0x000009a4       0x2c c:/program files (x86)/atmel/studio/7.0/toolchain/arm/arm-gnu-toolchain/bin/../lib/gcc/arm-none-eabi/6.3.1/../../../../arm-none-eabi/lib/thumb/v6-m\libc_nano.a(lib_a-reent.o)
 .ARM.attributes
                0x000009d0       0x2c c:/program files (x86)/atmel/studio/7.0/toolchain/arm/arm-gnu-toolchain/bin/../lib/gcc/arm-none-eabi/6.3.1/../../../../arm-none-eabi/lib/thumb/v6-m\libc_nano.a(lib_a-nano-msizer.o)
 .ARM.attributes
                0x000009fc       0x1e c:/program files (x86)/atmel/studio/7.0/toolchain/arm/arm-gnu-toolchain/bin/../lib/gcc/arm-none-eabi/6.3.1/thumb/v6-m/crtn.o

.comment        0x00000000       0x59
 .comment       0x00000000       0x59 atmel_start.o
                                 0x5a (size before relaxing)
 .comment       0x00000059       0x5a Device_Startup/startup_samd21.o
 .comment       0x00000059       0x5a driver_init.o
 .comment       0x00000059       0x5a hal/src/hal_delay.o
 .comment       0x00000059       0x5a hal/src/hal_ext_irq.o
 .comment       0x00000059       0x5a hal/src/hal_i2c_m_sync.o
 .comment       0x00000059       0x5a hal/src/hal_io.o
 .comment       0x00000059       0x5a hal/src/hal_usart_sync.o
 .comment       0x00000059       0x5a hal/utils/src/utils_assert.o
 .comment       0x00000059       0x5a hal/utils/src/utils_syscalls.o
 .comment       0x00000059       0x5a hpl/core/hpl_core_m0plus_base.o
 .comment       0x00000059       0x5a hpl/core/hpl_init.o
 .comment       0x00000059       0x5a hpl/eic/hpl_eic.o
 .comment       0x00000059       0x5a hpl/gclk/hpl_gclk.o
 .comment       0x00000059       0x5a hpl/pm/hpl_pm.o
 .comment       0x00000059       0x5a hpl/sercom/hpl_sercom.o
 .comment       0x00000059       0x5a hpl/sysctrl/hpl_sysctrl.o
 .comment       0x00000059       0x5a hpl/systick/hpl_systick.o
 .comment       0x00000059       0x5a main.o
 .comment       0x00000059       0x5a mcp23008_driver/mcp23008_driver.o
 .comment       0x00000059       0x5a mcp23008_driver/mcp23008_driver_basic.o
 .comment       0x00000059       0x5a mcp23008_driver/mcp23008_driver_interface.o

.debug_info     0x00000000    0x25fc3
 .debug_info    0x00000000      0x2f8 atmel_start.o
 .debug_info    0x000002f8     0x3a2c Device_Startup/startup_samd21.o
 .debug_info    0x00003d24     0x856f driver_init.o
 .debug_info    0x0000c293      0x1dc hal/src/hal_delay.o
 .debug_info    0x0000c46f      0x36f hal/src/hal_ext_irq.o
 .debug_info    0x0000c7de      0x866 hal/src/hal_i2c_m_sync.o
 .debug_info    0x0000d044      0x2a0 hal/src/hal_io.o
 .debug_info    0x0000d2e4      0xbbd hal/src/hal_usart_sync.o
 .debug_info    0x0000dea1      0x107 hal/utils/src/utils_assert.o
 .debug_info    0x0000dfa8      0xdbe hal/utils/src/utils_syscalls.o
 .debug_info    0x0000ed66      0x7f3 hpl/core/hpl_core_m0plus_base.o
 .debug_info    0x0000f559      0x68a hpl/core/hpl_init.o
 .debug_info    0x0000fbe3     0x1f97 hpl/eic/hpl_eic.o
 .debug_info    0x00011b7a      0x5ad hpl/gclk/hpl_gclk.o
 .debug_info    0x00012127      0xc6d hpl/pm/hpl_pm.o
 .debug_info    0x00012d94     0xaf45 hpl/sercom/hpl_sercom.o
 .debug_info    0x0001dcd9     0x18a4 hpl/sysctrl/hpl_sysctrl.o
 .debug_info    0x0001f57d      0x25e hpl/systick/hpl_systick.o
 .debug_info    0x0001f7db     0x1e6d main.o
 .debug_info    0x00021648     0x2562 mcp23008_driver/mcp23008_driver.o
 .debug_info    0x00023baa     0x14d9 mcp23008_driver/mcp23008_driver_basic.o
 .debug_info    0x00025083      0xf40 mcp23008_driver/mcp23008_driver_interface.o

.debug_abbrev   0x00000000     0x331f
 .debug_abbrev  0x00000000       0xe1 atmel_start.o
 .debug_abbrev  0x000000e1      0x227 Device_Startup/startup_samd21.o
 .debug_abbrev  0x00000308      0x372 driver_init.o
 .debug_abbrev  0x0000067a       0xe1 hal/src/hal_delay.o
 .debug_abbrev  0x0000075b      0x179 hal/src/hal_ext_irq.o
 .debug_abbrev  0x000008d4      0x1a6 hal/src/hal_i2c_m_sync.o
 .debug_abbrev  0x00000a7a      0x115 hal/src/hal_io.o
 .debug_abbrev  0x00000b8f      0x217 hal/src/hal_usart_sync.o
 .debug_abbrev  0x00000da6       0x86 hal/utils/src/utils_assert.o
 .debug_abbrev  0x00000e2c      0x282 hal/utils/src/utils_syscalls.o
 .debug_abbrev  0x000010ae      0x29f hpl/core/hpl_core_m0plus_base.o
 .debug_abbrev  0x0000134d      0x1d9 hpl/core/hpl_init.o
 .debug_abbrev  0x00001526      0x3cd hpl/eic/hpl_eic.o
 .debug_abbrev  0x000018f3      0x1c3 hpl/gclk/hpl_gclk.o
 .debug_abbrev  0x00001ab6      0x211 hpl/pm/hpl_pm.o
 .debug_abbrev  0x00001cc7      0x5b4 hpl/sercom/hpl_sercom.o
 .debug_abbrev  0x0000227b      0x25c hpl/sysctrl/hpl_sysctrl.o
 .debug_abbrev  0x000024d7      0x172 hpl/systick/hpl_systick.o
 .debug_abbrev  0x00002649      0x3e7 main.o
 .debug_abbrev  0x00002a30      0x33a mcp23008_driver/mcp23008_driver.o
 .debug_abbrev  0x00002d6a      0x2dc mcp23008_driver/mcp23008_driver_basic.o
 .debug_abbrev  0x00003046      0x2d9 mcp23008_driver/mcp23008_driver_interface.o

.debug_loc      0x00000000     0xdf83
 .debug_loc     0x00000000       0x20 atmel_start.o
 .debug_loc     0x00000020       0x84 Device_Startup/startup_samd21.o
 .debug_loc     0x000000a4      0xc61 driver_init.o
 .debug_loc     0x00000d05       0xc3 hal/src/hal_delay.o
 .debug_loc     0x00000dc8      0x3a3 hal/src/hal_ext_irq.o
 .debug_loc     0x0000116b      0x6db hal/src/hal_i2c_m_sync.o
 .debug_loc     0x00001846      0x1b6 hal/src/hal_io.o
 .debug_loc     0x000019fc      0xa26 hal/src/hal_usart_sync.o
 .debug_loc     0x00002422      0x15b hal/utils/src/utils_syscalls.o
 .debug_loc     0x0000257d      0x2a9 hpl/core/hpl_core_m0plus_base.o
 .debug_loc     0x00002826       0x4c hpl/core/hpl_init.o
 .debug_loc     0x00002872      0x50d hpl/eic/hpl_eic.o
 .debug_loc     0x00002d7f      0x190 hpl/gclk/hpl_gclk.o
 .debug_loc     0x00002f0f      0x11b hpl/pm/hpl_pm.o
 .debug_loc     0x0000302a     0x7cb5 hpl/sercom/hpl_sercom.o
 .debug_loc     0x0000acdf      0x213 hpl/sysctrl/hpl_sysctrl.o
 .debug_loc     0x0000aef2       0xf9 hpl/systick/hpl_systick.o
 .debug_loc     0x0000afeb      0x2dc main.o
 .debug_loc     0x0000b2c7     0x253a mcp23008_driver/mcp23008_driver.o
 .debug_loc     0x0000d801      0x58f mcp23008_driver/mcp23008_driver_basic.o
 .debug_loc     0x0000dd90      0x1f3 mcp23008_driver/mcp23008_driver_interface.o

.debug_aranges  0x00000000      0xc28
 .debug_aranges
                0x00000000       0x20 atmel_start.o
 .debug_aranges
                0x00000020       0x28 Device_Startup/startup_samd21.o
 .debug_aranges
                0x00000048       0x60 driver_init.o
 .debug_aranges
                0x000000a8       0x38 hal/src/hal_delay.o
 .debug_aranges
                0x000000e0       0x50 hal/src/hal_ext_irq.o
 .debug_aranges
                0x00000130       0x88 hal/src/hal_i2c_m_sync.o
 .debug_aranges
                0x000001b8       0x30 hal/src/hal_io.o
 .debug_aranges
                0x000001e8       0xa8 hal/src/hal_usart_sync.o
 .debug_aranges
                0x00000290       0x20 hal/utils/src/utils_assert.o
 .debug_aranges
                0x000002b0       0x60 hal/utils/src/utils_syscalls.o
 .debug_aranges
                0x00000310       0x70 hpl/core/hpl_core_m0plus_base.o
 .debug_aranges
                0x00000380       0x20 hpl/core/hpl_init.o
 .debug_aranges
                0x000003a0       0x38 hpl/eic/hpl_eic.o
 .debug_aranges
                0x000003d8       0x28 hpl/gclk/hpl_gclk.o
 .debug_aranges
                0x00000400       0x30 hpl/pm/hpl_pm.o
 .debug_aranges
                0x00000430      0x508 hpl/sercom/hpl_sercom.o
 .debug_aranges
                0x00000938       0x28 hpl/sysctrl/hpl_sysctrl.o
 .debug_aranges
                0x00000960       0x48 hpl/systick/hpl_systick.o
 .debug_aranges
                0x000009a8       0x48 main.o
 .debug_aranges
                0x000009f0      0x150 mcp23008_driver/mcp23008_driver.o
 .debug_aranges
                0x00000b40       0x98 mcp23008_driver/mcp23008_driver_basic.o
 .debug_aranges
                0x00000bd8       0x50 mcp23008_driver/mcp23008_driver_interface.o

.debug_ranges   0x00000000      0xc98
 .debug_ranges  0x00000000       0x10 atmel_start.o
 .debug_ranges  0x00000010       0x18 Device_Startup/startup_samd21.o
 .debug_ranges  0x00000028       0x50 driver_init.o
 .debug_ranges  0x00000078       0x28 hal/src/hal_delay.o
 .debug_ranges  0x000000a0       0x40 hal/src/hal_ext_irq.o
 .debug_ranges  0x000000e0       0x78 hal/src/hal_i2c_m_sync.o
 .debug_ranges  0x00000158       0x20 hal/src/hal_io.o
 .debug_ranges  0x00000178       0x98 hal/src/hal_usart_sync.o
 .debug_ranges  0x00000210       0x10 hal/utils/src/utils_assert.o
 .debug_ranges  0x00000220       0x50 hal/utils/src/utils_syscalls.o
 .debug_ranges  0x00000270       0x60 hpl/core/hpl_core_m0plus_base.o
 .debug_ranges  0x000002d0       0x10 hpl/core/hpl_init.o
 .debug_ranges  0x000002e0       0x28 hpl/eic/hpl_eic.o
 .debug_ranges  0x00000308       0x18 hpl/gclk/hpl_gclk.o
 .debug_ranges  0x00000320       0x20 hpl/pm/hpl_pm.o
 .debug_ranges  0x00000340      0x6c8 hpl/sercom/hpl_sercom.o
 .debug_ranges  0x00000a08       0x18 hpl/sysctrl/hpl_sysctrl.o
 .debug_ranges  0x00000a20       0x38 hpl/systick/hpl_systick.o
 .debug_ranges  0x00000a58       0x38 main.o
 .debug_ranges  0x00000a90      0x140 mcp23008_driver/mcp23008_driver.o
 .debug_ranges  0x00000bd0       0x88 mcp23008_driver/mcp23008_driver_basic.o
 .debug_ranges  0x00000c58       0x40 mcp23008_driver/mcp23008_driver_interface.o

.debug_macro    0x00000000    0x193cd
 .debug_macro   0x00000000      0x515 atmel_start.o
 .debug_macro   0x00000515      0x8b6 atmel_start.o
 .debug_macro   0x00000dcb      0x16d atmel_start.o
 .debug_macro   0x00000f38       0x22 atmel_start.o
 .debug_macro   0x00000f5a       0x87 atmel_start.o
 .debug_macro   0x00000fe1       0x51 atmel_start.o
 .debug_macro   0x00001032       0xef atmel_start.o
 .debug_macro   0x00001121       0x6a atmel_start.o
 .debug_macro   0x0000118b      0x1df atmel_start.o
 .debug_macro   0x0000136a       0x22 atmel_start.o
 .debug_macro   0x0000138c       0x3f atmel_start.o
 .debug_macro   0x000013cb       0x1c atmel_start.o
 .debug_macro   0x000013e7       0x22 atmel_start.o
 .debug_macro   0x00001409       0xb5 atmel_start.o
 .debug_macro   0x000014be      0x3ad atmel_start.o
 .debug_macro   0x0000186b      0x67e atmel_start.o
 .debug_macro   0x00001ee9      0x8b1 atmel_start.o
 .debug_macro   0x0000279a      0x22e atmel_start.o
 .debug_macro   0x000029c8      0xd5c atmel_start.o
 .debug_macro   0x00003724      0x4dc atmel_start.o
 .debug_macro   0x00003c00      0x9f6 atmel_start.o
 .debug_macro   0x000045f6      0x82b atmel_start.o
 .debug_macro   0x00004e21      0x45f atmel_start.o
 .debug_macro   0x00005280       0x5e atmel_start.o
 .debug_macro   0x000052de      0x8f9 atmel_start.o
 .debug_macro   0x00005bd7      0x21c atmel_start.o
 .debug_macro   0x00005df3      0x735 atmel_start.o
 .debug_macro   0x00006528       0x5e atmel_start.o
 .debug_macro   0x00006586      0x632 atmel_start.o
 .debug_macro   0x00006bb8      0x3ac atmel_start.o
 .debug_macro   0x00006f64      0xc76 atmel_start.o
 .debug_macro   0x00007bda     0x1092 atmel_start.o
 .debug_macro   0x00008c6c      0xc4a atmel_start.o
 .debug_macro   0x000098b6      0x6ba atmel_start.o
 .debug_macro   0x00009f70     0x1b3d atmel_start.o
 .debug_macro   0x0000baad     0x143c atmel_start.o
 .debug_macro   0x0000cee9      0x340 atmel_start.o
 .debug_macro   0x0000d229       0x7c atmel_start.o
 .debug_macro   0x0000d2a5       0xa0 atmel_start.o
 .debug_macro   0x0000d345       0x4c atmel_start.o
 .debug_macro   0x0000d391       0xca atmel_start.o
 .debug_macro   0x0000d45b       0x94 atmel_start.o
 .debug_macro   0x0000d4ef       0x58 atmel_start.o
 .debug_macro   0x0000d547      0x341 atmel_start.o
 .debug_macro   0x0000d888       0x82 atmel_start.o
 .debug_macro   0x0000d90a      0x189 atmel_start.o
 .debug_macro   0x0000da93       0xb8 atmel_start.o
 .debug_macro   0x0000db4b       0xa0 atmel_start.o
 .debug_macro   0x0000dbeb       0xb2 atmel_start.o
 .debug_macro   0x0000dc9d       0x1c atmel_start.o
 .debug_macro   0x0000dcb9       0x1c atmel_start.o
 .debug_macro   0x0000dcd5       0x1c atmel_start.o
 .debug_macro   0x0000dcf1       0x7c atmel_start.o
 .debug_macro   0x0000dd6d      0x15a atmel_start.o
 .debug_macro   0x0000dec7       0x10 atmel_start.o
 .debug_macro   0x0000ded7       0xdc atmel_start.o
 .debug_macro   0x0000dfb3      0x124 atmel_start.o
 .debug_macro   0x0000e0d7      0x124 atmel_start.o
 .debug_macro   0x0000e1fb      0x124 atmel_start.o
 .debug_macro   0x0000e31f      0x124 atmel_start.o
 .debug_macro   0x0000e443      0x124 atmel_start.o
 .debug_macro   0x0000e567      0x124 atmel_start.o
 .debug_macro   0x0000e68b      0x124 atmel_start.o
 .debug_macro   0x0000e7af       0xe2 atmel_start.o
 .debug_macro   0x0000e891       0xe2 atmel_start.o
 .debug_macro   0x0000e973       0xe2 atmel_start.o
 .debug_macro   0x0000ea55      0x12a atmel_start.o
 .debug_macro   0x0000eb7f      0x100 atmel_start.o
 .debug_macro   0x0000ec7f       0xf4 atmel_start.o
 .debug_macro   0x0000ed73      0x40f atmel_start.o
 .debug_macro   0x0000f182       0x40 atmel_start.o
 .debug_macro   0x0000f1c2      0x376 atmel_start.o
 .debug_macro   0x0000f538     0x17df atmel_start.o
 .debug_macro   0x00010d17       0x6d atmel_start.o
 .debug_macro   0x00010d84       0x10 atmel_start.o
 .debug_macro   0x00010d94       0x10 atmel_start.o
 .debug_macro   0x00010da4       0x16 atmel_start.o
 .debug_macro   0x00010dba       0x16 atmel_start.o
 .debug_macro   0x00010dd0       0x16 atmel_start.o
 .debug_macro   0x00010de6       0x16 atmel_start.o
 .debug_macro   0x00010dfc       0x16 atmel_start.o
 .debug_macro   0x00010e12       0x16 atmel_start.o
 .debug_macro   0x00010e28       0x16 atmel_start.o
 .debug_macro   0x00010e3e       0x16 atmel_start.o
 .debug_macro   0x00010e54       0x16 atmel_start.o
 .debug_macro   0x00010e6a       0x16 atmel_start.o
 .debug_macro   0x00010e80       0x16 atmel_start.o
 .debug_macro   0x00010e96       0x16 atmel_start.o
 .debug_macro   0x00010eac       0x16 atmel_start.o
 .debug_macro   0x00010ec2       0x16 atmel_start.o
 .debug_macro   0x00010ed8      0x4c3 atmel_start.o
 .debug_macro   0x0001139b       0x94 atmel_start.o
 .debug_macro   0x0001142f       0x16 atmel_start.o
 .debug_macro   0x00011445       0x6a atmel_start.o
 .debug_macro   0x000114af      0x28c atmel_start.o
 .debug_macro   0x0001173b      0x4d8 atmel_start.o
 .debug_macro   0x00011c13       0x16 atmel_start.o
 .debug_macro   0x00011c29       0xca atmel_start.o
 .debug_macro   0x00011cf3       0x1c atmel_start.o
 .debug_macro   0x00011d0f       0x16 atmel_start.o
 .debug_macro   0x00011d25       0x64 atmel_start.o
 .debug_macro   0x00011d89       0x70 atmel_start.o
 .debug_macro   0x00011df9      0x2fc Device_Startup/startup_samd21.o
 .debug_macro   0x000120f5       0x39 Device_Startup/startup_samd21.o
 .debug_macro   0x0001212e      0x534 driver_init.o
 .debug_macro   0x00012662       0x50 driver_init.o
 .debug_macro   0x000126b2       0xc9 driver_init.o
 .debug_macro   0x0001277b      0x45c hal/src/hal_delay.o
 .debug_macro   0x00012bd7      0x444 hal/src/hal_ext_irq.o
 .debug_macro   0x0001301b      0x465 hal/src/hal_i2c_m_sync.o
 .debug_macro   0x00013480       0x6a hal/src/hal_i2c_m_sync.o
 .debug_macro   0x000134ea      0x43d hal/src/hal_io.o
 .debug_macro   0x00013927      0x464 hal/src/hal_usart_sync.o
 .debug_macro   0x00013d8b      0x433 hal/utils/src/utils_assert.o
 .debug_macro   0x000141be       0x10 hal/utils/src/utils_assert.o
 .debug_macro   0x000141ce      0x1d6 hal/utils/src/utils_syscalls.o
 .debug_macro   0x000143a4       0x52 hal/utils/src/utils_syscalls.o
 .debug_macro   0x000143f6       0x8d hal/utils/src/utils_syscalls.o
 .debug_macro   0x00014483       0x16 hal/utils/src/utils_syscalls.o
 .debug_macro   0x00014499       0x57 hal/utils/src/utils_syscalls.o
 .debug_macro   0x000144f0       0x97 hal/utils/src/utils_syscalls.o
 .debug_macro   0x00014587      0x353 hal/utils/src/utils_syscalls.o
 .debug_macro   0x000148da       0xf6 hal/utils/src/utils_syscalls.o
 .debug_macro   0x000149d0       0x10 hal/utils/src/utils_syscalls.o
 .debug_macro   0x000149e0       0x10 hal/utils/src/utils_syscalls.o
 .debug_macro   0x000149f0       0x1c hal/utils/src/utils_syscalls.o
 .debug_macro   0x00014a0c       0x52 hal/utils/src/utils_syscalls.o
 .debug_macro   0x00014a5e       0x40 hal/utils/src/utils_syscalls.o
 .debug_macro   0x00014a9e       0x10 hal/utils/src/utils_syscalls.o
 .debug_macro   0x00014aae       0x40 hal/utils/src/utils_syscalls.o
 .debug_macro   0x00014aee       0xd7 hal/utils/src/utils_syscalls.o
 .debug_macro   0x00014bc5       0x16 hal/utils/src/utils_syscalls.o
 .debug_macro   0x00014bdb      0x18b hal/utils/src/utils_syscalls.o
 .debug_macro   0x00014d66       0x4c hal/utils/src/utils_syscalls.o
 .debug_macro   0x00014db2       0x16 hal/utils/src/utils_syscalls.o
 .debug_macro   0x00014dc8       0x10 hal/utils/src/utils_syscalls.o
 .debug_macro   0x00014dd8       0x10 hal/utils/src/utils_syscalls.o
 .debug_macro   0x00014de8       0x35 hal/utils/src/utils_syscalls.o
 .debug_macro   0x00014e1d      0x122 hal/utils/src/utils_syscalls.o
 .debug_macro   0x00014f3f      0x481 hpl/core/hpl_core_m0plus_base.o
 .debug_macro   0x000153c0      0x4a4 hpl/core/hpl_init.o
 .debug_macro   0x00015864       0x2e hpl/core/hpl_init.o
 .debug_macro   0x00015892      0x6ec hpl/core/hpl_init.o
 .debug_macro   0x00015f7e      0x50e hpl/eic/hpl_eic.o
 .debug_macro   0x0001648c      0x241 hpl/eic/hpl_eic.o
 .debug_macro   0x000166cd      0x446 hpl/gclk/hpl_gclk.o
 .debug_macro   0x00016b13      0x1f3 hpl/gclk/hpl_gclk.o
 .debug_macro   0x00016d06      0x469 hpl/pm/hpl_pm.o
 .debug_macro   0x0001716f      0x66b hpl/sercom/hpl_sercom.o
 .debug_macro   0x000177da      0x11d hpl/sercom/hpl_sercom.o
 .debug_macro   0x000178f7       0x10 hpl/sercom/hpl_sercom.o
 .debug_macro   0x00017907       0x1c hpl/sercom/hpl_sercom.o
 .debug_macro   0x00017923       0x22 hpl/sercom/hpl_sercom.o
 .debug_macro   0x00017945       0x10 hpl/sercom/hpl_sercom.o
 .debug_macro   0x00017955      0x440 hpl/sysctrl/hpl_sysctrl.o
 .debug_macro   0x00017d95      0x2da hpl/sysctrl/hpl_sysctrl.o
 .debug_macro   0x0001806f      0x437 hpl/systick/hpl_systick.o
 .debug_macro   0x000184a6       0x10 hpl/systick/hpl_systick.o
 .debug_macro   0x000184b6      0x701 main.o
 .debug_macro   0x00018bb7       0x16 main.o
 .debug_macro   0x00018bcd       0x16 main.o
 .debug_macro   0x00018be3       0x29 main.o
 .debug_macro   0x00018c0c       0x16 main.o
 .debug_macro   0x00018c22       0xe4 main.o
 .debug_macro   0x00018d06      0x25d mcp23008_driver/mcp23008_driver.o
 .debug_macro   0x00018f63      0x235 mcp23008_driver/mcp23008_driver_basic.o
 .debug_macro   0x00019198      0x235 mcp23008_driver/mcp23008_driver_interface.o

.debug_line     0x00000000     0xef62
 .debug_line    0x00000000      0xa9c atmel_start.o
 .debug_line    0x00000a9c      0x6fa Device_Startup/startup_samd21.o
 .debug_line    0x00001196      0xc60 driver_init.o
 .debug_line    0x00001df6      0x99f hal/src/hal_delay.o
 .debug_line    0x00002795      0xa12 hal/src/hal_ext_irq.o
 .debug_line    0x000031a7      0xa8f hal/src/hal_i2c_m_sync.o
 .debug_line    0x00003c36      0x98c hal/src/hal_io.o
 .debug_line    0x000045c2      0xb57 hal/src/hal_usart_sync.o
 .debug_line    0x00005119      0x93e hal/utils/src/utils_assert.o
 .debug_line    0x00005a57      0x3fd hal/utils/src/utils_syscalls.o
 .debug_line    0x00005e54      0xaed hpl/core/hpl_core_m0plus_base.o
 .debug_line    0x00006941      0xa1f hpl/core/hpl_init.o
 .debug_line    0x00007360      0xb34 hpl/eic/hpl_eic.o
 .debug_line    0x00007e94      0x9b8 hpl/gclk/hpl_gclk.o
 .debug_line    0x0000884c      0x9e4 hpl/pm/hpl_pm.o
 .debug_line    0x00009230     0x28c9 hpl/sercom/hpl_sercom.o
 .debug_line    0x0000baf9      0xa38 hpl/sysctrl/hpl_sysctrl.o
 .debug_line    0x0000c531      0x9c9 hpl/systick/hpl_systick.o
 .debug_line    0x0000cefa      0xd05 main.o
 .debug_line    0x0000dbff      0x8f8 mcp23008_driver/mcp23008_driver.o
 .debug_line    0x0000e4f7      0x5c4 mcp23008_driver/mcp23008_driver_basic.o
 .debug_line    0x0000eabb      0x4a7 mcp23008_driver/mcp23008_driver_interface.o

.debug_str      0x00000000    0x87aad
 .debug_str     0x00000000    0x75f1e atmel_start.o
                              0x76385 (size before relaxing)
 .debug_str     0x00075f1e     0x10b0 Device_Startup/startup_samd21.o
                              0x6e265 (size before relaxing)
 .debug_str     0x00076fce     0x176a driver_init.o
                              0x7895d (size before relaxing)
 .debug_str     0x00078738       0xad hal/src/hal_delay.o
                              0x75d8f (size before relaxing)
 .debug_str     0x000787e5       0xcc hal/src/hal_ext_irq.o
                              0x75dea (size before relaxing)
 .debug_str     0x000788b1      0x177 hal/src/hal_i2c_m_sync.o
                              0x76628 (size before relaxing)
 .debug_str     0x00078a28       0x2c hal/src/hal_io.o
                              0x75dd2 (size before relaxing)
 .debug_str     0x00078a54      0x49e hal/src/hal_usart_sync.o
                              0x76872 (size before relaxing)
 .debug_str     0x00078ef2       0x2a hal/utils/src/utils_assert.o
                              0x75d35 (size before relaxing)
 .debug_str     0x00078f1c     0x44f5 hal/utils/src/utils_syscalls.o
                               0x7366 (size before relaxing)
 .debug_str     0x0007d411      0x2ea hpl/core/hpl_core_m0plus_base.o
                              0x7680b (size before relaxing)
 .debug_str     0x0007d6fb     0x17d7 hpl/core/hpl_init.o
                              0x7797b (size before relaxing)
 .debug_str     0x0007eed2      0xee9 hpl/eic/hpl_eic.o
                              0x7a043 (size before relaxing)
 .debug_str     0x0007fdbb      0x851 hpl/gclk/hpl_gclk.o
                              0x76654 (size before relaxing)
 .debug_str     0x0008060c      0x194 hpl/pm/hpl_pm.o
                              0x764da (size before relaxing)
 .debug_str     0x000807a0     0x48dc hpl/sercom/hpl_sercom.o
                              0x7bd0e (size before relaxing)
 .debug_str     0x0008507c     0x128f hpl/sysctrl/hpl_sysctrl.o
                              0x77199 (size before relaxing)
 .debug_str     0x0008630b       0xcd hpl/systick/hpl_systick.o
                              0x75d7d (size before relaxing)
 .debug_str     0x000863d8      0xc84 main.o
                              0x7b263 (size before relaxing)
 .debug_str     0x0008705c      0x863 mcp23008_driver/mcp23008_driver.o
                               0x8946 (size before relaxing)
 .debug_str     0x000878bf      0x105 mcp23008_driver/mcp23008_driver_basic.o
                               0x879f (size before relaxing)
 .debug_str     0x000879c4       0xe9 mcp23008_driver/mcp23008_driver_interface.o
                               0x80db (size before relaxing)

.debug_frame    0x00000000     0x2604
 .debug_frame   0x00000000       0x28 atmel_start.o
 .debug_frame   0x00000028       0x40 Device_Startup/startup_samd21.o
 .debug_frame   0x00000068       0xf0 driver_init.o
 .debug_frame   0x00000158       0x68 hal/src/hal_delay.o
 .debug_frame   0x000001c0       0xc4 hal/src/hal_ext_irq.o
 .debug_frame   0x00000284      0x164 hal/src/hal_i2c_m_sync.o
 .debug_frame   0x000003e8       0x58 hal/src/hal_io.o
 .debug_frame   0x00000440      0x1f8 hal/src/hal_usart_sync.o
 .debug_frame   0x00000638       0x20 hal/utils/src/utils_assert.o
 .debug_frame   0x00000658       0xac hal/utils/src/utils_syscalls.o
 .debug_frame   0x00000704       0xd8 hpl/core/hpl_core_m0plus_base.o
 .debug_frame   0x000007dc       0x28 hpl/core/hpl_init.o
 .debug_frame   0x00000804       0x60 hpl/eic/hpl_eic.o
 .debug_frame   0x00000864       0x30 hpl/gclk/hpl_gclk.o
 .debug_frame   0x00000894       0x40 hpl/pm/hpl_pm.o
 .debug_frame   0x000008d4      0xe78 hpl/sercom/hpl_sercom.o
 .debug_frame   0x0000174c       0x30 hpl/sysctrl/hpl_sysctrl.o
 .debug_frame   0x0000177c       0x78 hpl/systick/hpl_systick.o
 .debug_frame   0x000017f4       0xac main.o
 .debug_frame   0x000018a0      0x4a4 mcp23008_driver/mcp23008_driver.o
 .debug_frame   0x00001d44      0x1a0 mcp23008_driver/mcp23008_driver_basic.o
 .debug_frame   0x00001ee4       0xb4 mcp23008_driver/mcp23008_driver_interface.o
 .debug_frame   0x00001f98       0x20 c:/program files (x86)/atmel/studio/7.0/toolchain/arm/arm-gnu-toolchain/bin/../lib/gcc/arm-none-eabi/6.3.1/thumb/v6-m\libgcc.a(_udivsi3.o)
 .debug_frame   0x00001fb8       0x28 c:/program files (x86)/atmel/studio/7.0/toolchain/arm/arm-gnu-toolchain/bin/../lib/gcc/arm-none-eabi/6.3.1/thumb/v6-m\libgcc.a(_ffssi2.o)
 .debug_frame   0x00001fe0       0x28 c:/program files (x86)/atmel/studio/7.0/toolchain/arm/arm-gnu-toolchain/bin/../lib/gcc/arm-none-eabi/6.3.1/thumb/v6-m\libgcc.a(_fixunssfsi.o)
 .debug_frame   0x00002008       0x3c c:/program files (x86)/atmel/studio/7.0/toolchain/arm/arm-gnu-toolchain/bin/../lib/gcc/arm-none-eabi/6.3.1/thumb/v6-m\libgcc.a(mulsf3.o)
 .debug_frame   0x00002044       0x38 c:/program files (x86)/atmel/studio/7.0/toolchain/arm/arm-gnu-toolchain/bin/../lib/gcc/arm-none-eabi/6.3.1/thumb/v6-m\libgcc.a(subsf3.o)
 .debug_frame   0x0000207c       0x20 c:/program files (x86)/atmel/studio/7.0/toolchain/arm/arm-gnu-toolchain/bin/../lib/gcc/arm-none-eabi/6.3.1/thumb/v6-m\libgcc.a(fixsfsi.o)
 .debug_frame   0x0000209c       0x2c c:/program files (x86)/atmel/studio/7.0/toolchain/arm/arm-gnu-toolchain/bin/../lib/gcc/arm-none-eabi/6.3.1/thumb/v6-m\libgcc.a(floatsisf.o)
 .debug_frame   0x000020c8       0x2c c:/program files (x86)/atmel/studio/7.0/toolchain/arm/arm-gnu-toolchain/bin/../lib/gcc/arm-none-eabi/6.3.1/thumb/v6-m\libgcc.a(extendsfdf2.o)
 .debug_frame   0x000020f4       0x2c c:/program files (x86)/atmel/studio/7.0/toolchain/arm/arm-gnu-toolchain/bin/../lib/gcc/arm-none-eabi/6.3.1/thumb/v6-m\libgcc.a(eqsf2.o)
 .debug_frame   0x00002120       0x30 c:/program files (x86)/atmel/studio/7.0/toolchain/arm/arm-gnu-toolchain/bin/../lib/gcc/arm-none-eabi/6.3.1/thumb/v6-m\libgcc.a(gesf2.o)
 .debug_frame   0x00002150       0x30 c:/program files (x86)/atmel/studio/7.0/toolchain/arm/arm-gnu-toolchain/bin/../lib/gcc/arm-none-eabi/6.3.1/thumb/v6-m\libgcc.a(lesf2.o)
 .debug_frame   0x00002180       0x2c c:/program files (x86)/atmel/studio/7.0/toolchain/arm/arm-gnu-toolchain/bin/../lib/gcc/arm-none-eabi/6.3.1/../../../../arm-none-eabi/lib/thumb/v6-m\libc_nano.a(lib_a-init.o)
 .debug_frame   0x000021ac       0x20 c:/program files (x86)/atmel/studio/7.0/toolchain/arm/arm-gnu-toolchain/bin/../lib/gcc/arm-none-eabi/6.3.1/../../../../arm-none-eabi/lib/thumb/v6-m\libc_nano.a(lib_a-memset.o)
 .debug_frame   0x000021cc       0x2c c:/program files (x86)/atmel/studio/7.0/toolchain/arm/arm-gnu-toolchain/bin/../lib/gcc/arm-none-eabi/6.3.1/../../../../arm-none-eabi/lib/thumb/v6-m\libc_nano.a(lib_a-strncpy.o)
 .debug_frame   0x000021f8       0x48 c:/program files (x86)/atmel/studio/7.0/toolchain/arm/arm-gnu-toolchain/bin/../lib/gcc/arm-none-eabi/6.3.1/../../../../arm-none-eabi/lib/thumb/v6-m\libc_nano.a(lib_a-vsnprintf.o)
 .debug_frame   0x00002240      0x140 c:/program files (x86)/atmel/studio/7.0/toolchain/arm/arm-gnu-toolchain/bin/../lib/gcc/arm-none-eabi/6.3.1/../../../../arm-none-eabi/lib/thumb/v6-m\libc_nano.a(lib_a-findfp.o)
 .debug_frame   0x00002380       0x2c c:/program files (x86)/atmel/studio/7.0/toolchain/arm/arm-gnu-toolchain/bin/../lib/gcc/arm-none-eabi/6.3.1/../../../../arm-none-eabi/lib/thumb/v6-m\libc_nano.a(lib_a-nano-mallocr.o)
 .debug_frame   0x000023ac       0x74 c:/program files (x86)/atmel/studio/7.0/toolchain/arm/arm-gnu-toolchain/bin/../lib/gcc/arm-none-eabi/6.3.1/../../../../arm-none-eabi/lib/thumb/v6-m\libc_nano.a(lib_a-nano-svfprintf.o)
 .debug_frame   0x00002420       0x54 c:/program files (x86)/atmel/studio/7.0/toolchain/arm/arm-gnu-toolchain/bin/../lib/gcc/arm-none-eabi/6.3.1/../../../../arm-none-eabi/lib/thumb/v6-m\libc_nano.a(lib_a-nano-vfprintf_i.o)
 .debug_frame   0x00002474       0x2c c:/program files (x86)/atmel/studio/7.0/toolchain/arm/arm-gnu-toolchain/bin/../lib/gcc/arm-none-eabi/6.3.1/../../../../arm-none-eabi/lib/thumb/v6-m\libc_nano.a(lib_a-sbrkr.o)
 .debug_frame   0x000024a0       0x20 c:/program files (x86)/atmel/studio/7.0/toolchain/arm/arm-gnu-toolchain/bin/../lib/gcc/arm-none-eabi/6.3.1/../../../../arm-none-eabi/lib/thumb/v6-m\libc_nano.a(lib_a-memchr-stub.o)
 .debug_frame   0x000024c0       0x28 c:/program files (x86)/atmel/studio/7.0/toolchain/arm/arm-gnu-toolchain/bin/../lib/gcc/arm-none-eabi/6.3.1/../../../../arm-none-eabi/lib/thumb/v6-m\libc_nano.a(lib_a-memcpy-stub.o)
 .debug_frame   0x000024e8       0x28 c:/program files (x86)/atmel/studio/7.0/toolchain/arm/arm-gnu-toolchain/bin/../lib/gcc/arm-none-eabi/6.3.1/../../../../arm-none-eabi/lib/thumb/v6-m\libc_nano.a(lib_a-memmove.o)
 .debug_frame   0x00002510       0x30 c:/program files (x86)/atmel/studio/7.0/toolchain/arm/arm-gnu-toolchain/bin/../lib/gcc/arm-none-eabi/6.3.1/../../../../arm-none-eabi/lib/thumb/v6-m\libc_nano.a(lib_a-mlock.o)
 .debug_frame   0x00002540       0x2c c:/program files (x86)/atmel/studio/7.0/toolchain/arm/arm-gnu-toolchain/bin/../lib/gcc/arm-none-eabi/6.3.1/../../../../arm-none-eabi/lib/thumb/v6-m\libc_nano.a(lib_a-nano-freer.o)
 .debug_frame   0x0000256c       0x30 c:/program files (x86)/atmel/studio/7.0/toolchain/arm/arm-gnu-toolchain/bin/../lib/gcc/arm-none-eabi/6.3.1/../../../../arm-none-eabi/lib/thumb/v6-m\libc_nano.a(lib_a-nano-reallocr.o)
 .debug_frame   0x0000259c       0x48 c:/program files (x86)/atmel/studio/7.0/toolchain/arm/arm-gnu-toolchain/bin/../lib/gcc/arm-none-eabi/6.3.1/../../../../arm-none-eabi/lib/thumb/v6-m\libc_nano.a(lib_a-reent.o)
 .debug_frame   0x000025e4       0x20 c:/program files (x86)/atmel/studio/7.0/toolchain/arm/arm-gnu-toolchain/bin/../lib/gcc/arm-none-eabi/6.3.1/../../../../arm-none-eabi/lib/thumb/v6-m\libc_nano.a(lib_a-nano-msizer.o)
