../Core/mcp23008_driver/mcp23008_driver_basic.c:39:9:mcp23008_basic_initialize	24	static
../Core/mcp23008_driver/mcp23008_driver_basic.c:153:9:mcp23008_basic_irq_handler	0	static
../Core/mcp23008_driver/mcp23008_driver_basic.c:167:9:mcp23008_basic_gpio_irq_callBack	0	static
../Core/mcp23008_driver/mcp23008_driver_basic.c:212:9:mcp23008_basic_port_set_direction	8	static
../Core/mcp23008_driver/mcp23008_driver_basic.c:246:9:mcp23008_basic_gpio_write	0	static
../Core/mcp23008_driver/mcp23008_driver_basic.c:181:9:mcp23008_basic_gpio_set_direction	8	static
../Core/mcp23008_driver/mcp23008_driver_basic.c:260:9:mcp23008_basic_pin_write_all	0	static
../Core/mcp23008_driver/mcp23008_driver_basic.c:272:9:mcp23008_basic_gpio_read	16	static
../Core/mcp23008_driver/mcp23008_driver_basic.c:291:9:mcp23008_basic_gpio_toggle	8	static
../Core/mcp23008_driver/mcp23008_driver_basic.c:306:9:mcp23008_basic_interrupt_enable	16	static
../Core/mcp23008_driver/mcp23008_driver_basic.c:325:9:mcp23008_basic_interrupt_disable	0	static
../Core/mcp23008_driver/mcp23008_driver_basic.c:340:9:mcp23008_basic_clr_interrupt_flag	0	static
../Core/mcp23008_driver/mcp23008_driver_basic.c:352:9:mcp23008_basic_get_interrupt_flag	0	static
../Core/mcp23008_driver/mcp23008_driver_basic.c:366:9:mcp23008_basic_get_addr_pin	16	static
../Core/mcp23008_driver/mcp23008_driver_basic.c:389:9:mcp23008_basic_read_register	0	static
../Core/mcp23008_driver/mcp23008_driver_basic.c:403:9:mcp23008_basic_write_register	0	static
