../Core/mcp23008_driver/mcp23008_driver.c:55:9:a_mcp23008_i2c_write	24	dynamic
../Core/mcp23008_driver/mcp23008_driver.c:79:9:a_mcp23008_i2c_read	24	static
../Core/mcp23008_driver/mcp23008_driver.c:98:6:a_mcp23008_print_error_msg	0	static
../Core/mcp23008_driver/mcp23008_driver.c:115:9:mcp23008_init	16	static
../Core/mcp23008_driver/mcp23008_driver.c:168:9:mcp23008_deinit	16	static
../Core/mcp23008_driver/mcp23008_driver.c:193:9:mcp23008_irq_handler	24	static
../Core/mcp23008_driver/mcp23008_driver.c:228:9:mcp23008_set_addr_pin	0	static
../Core/mcp23008_driver/mcp23008_driver.c:249:9:mcp23008_get_addr_pin	0	static
../Core/mcp23008_driver/mcp23008_driver.c:272:9:mcp23008_set_pin_mode	32	static
../Core/mcp23008_driver/mcp23008_driver.c:307:9:mcp23008_get_pin_mode	32	static
../Core/mcp23008_driver/mcp23008_driver.c:334:9:mcp23008_set_port_mode	16	static
../Core/mcp23008_driver/mcp23008_driver.c:368:9:mcp23008_pin_write	32	static
../Core/mcp23008_driver/mcp23008_driver.c:402:9:mcp23008_pin_write_all	16	static
../Core/mcp23008_driver/mcp23008_driver.c:438:9:mcp23008_pin_read	32	static
../Core/mcp23008_driver/mcp23008_driver.c:466:9:mcp23008_set_pin_pullup_mode	32	static
../Core/mcp23008_driver/mcp23008_driver.c:500:9:mcp23008_set_port_pullup_mode	16	static
../Core/mcp23008_driver/mcp23008_driver.c:535:9:mcp23008_get_pin_pullup_mode	32	static
../Core/mcp23008_driver/mcp23008_driver.c:564:9:mcp23008_set_pin_input_polarity_mode	32	static
../Core/mcp23008_driver/mcp23008_driver.c:598:9:mcp23008_get_pin_input_polarity_mode	32	static
../Core/mcp23008_driver/mcp23008_driver.c:627:9:mcp23008_set_pin_interrupt	32	static
../Core/mcp23008_driver/mcp23008_driver.c:661:9:mcp23008_get_pin_interrupt	32	static
../Core/mcp23008_driver/mcp23008_driver.c:690:9:mcp23008_get_interrupt_flag	32	static
../Core/mcp23008_driver/mcp23008_driver.c:719:9:mcp23008_clear_interrupt_flag	24	static
../Core/mcp23008_driver/mcp23008_driver.c:754:9:mcp23008_set_intrrupt_pin_output_level	24	static
../Core/mcp23008_driver/mcp23008_driver.c:787:9:mcp23008_get_interrupt_pin_output_level	24	static
../Core/mcp23008_driver/mcp23008_driver.c:852:9:mcp23008_get_pin_interrupt_caputure_level	32	static
../Core/mcp23008_driver/mcp23008_driver.c:880:9:mcp23008_set_interrupt_pin_output_mode	24	static
../Core/mcp23008_driver/mcp23008_driver.c:913:9:mcp23008_get_interrupt_pin_output_mode	24	static
../Core/mcp23008_driver/mcp23008_driver.c:941:9:mcp23008_set_ineterrupt_compare_mode	32	static
../Core/mcp23008_driver/mcp23008_driver.c:975:9:mcp23008_get_ineterrupt_compare_mode	32	static
../Core/mcp23008_driver/mcp23008_driver.c:1004:9:mcp23008_set_default_compare_value	32	static
../Core/mcp23008_driver/mcp23008_driver.c:1039:9:mcp23008_get_default_compare_value	32	static
../Core/mcp23008_driver/mcp23008_driver.c:1067:9:mcp23008_set_slew_rate	24	static
../Core/mcp23008_driver/mcp23008_driver.c:1102:9:mcp23008_get_slew_rate	24	static
../Core/mcp23008_driver/mcp23008_driver.c:1131:9:mcp23008_set_sequencial_mode	24	static
../Core/mcp23008_driver/mcp23008_driver.c:1166:9:mcp23008_get_sequencial_mode	24	static
../Core/mcp23008_driver/mcp23008_driver.c:1199:9:mcp23008_set_reg	8	static
../Core/mcp23008_driver/mcp23008_driver.c:1225:9:mcp23008_get_reg	8	static
../Core/mcp23008_driver/mcp23008_driver.c:1245:9:mcp23008_info	8	static
